Archive member included to satisfy reference by file (symbol)

app/libapp.a(main.c.obj)      (--whole-archive)
zephyr/libzephyr.a(crc32_sw.c.obj)
                              (--whole-archive)
zephyr/libzephyr.a(crc16_sw.c.obj)
                              (--whole-archive)
zephyr/libzephyr.a(crc8_sw.c.obj)
                              (--whole-archive)
zephyr/libzephyr.a(crc7_sw.c.obj)
                              (--whole-archive)
zephyr/libzephyr.a(dec.c.obj)
                              (--whole-archive)
zephyr/libzephyr.a(fdtable.c.obj)
                              (--whole-archive)
zephyr/libzephyr.a(hex.c.obj)
                              (--whole-archive)
zephyr/libzephyr.a(mempool.c.obj)
                              (--whole-archive)
zephyr/libzephyr.a(rb.c.obj)  (--whole-archive)
zephyr/libzephyr.a(sem.c.obj)
                              (--whole-archive)
zephyr/libzephyr.a(thread_entry.c.obj)
                              (--whole-archive)
zephyr/libzephyr.a(timeutil.c.obj)
                              (--whole-archive)
zephyr/libzephyr.a(work_q.c.obj)
                              (--whole-archive)
zephyr/libzephyr.a(printk.c.obj)
                              (--whole-archive)
zephyr/libzephyr.a(ring_buffer.c.obj)
                              (--whole-archive)
zephyr/libzephyr.a(configs.c.obj)
                              (--whole-archive)
zephyr/libzephyr.a(soc.c.obj)
                              (--whole-archive)
zephyr/libzephyr.a(stm32cube_hal.c.obj)
                              (--whole-archive)
zephyr/libzephyr.a(fnmatch.c.obj)
                              (--whole-archive)
zephyr/libzephyr.a(log_list.c.obj)
                              (--whole-archive)
zephyr/libzephyr.a(log_core.c.obj)
                              (--whole-archive)
zephyr/libzephyr.a(log_msg.c.obj)
                              (--whole-archive)
zephyr/libzephyr.a(log_output.c.obj)
                              (--whole-archive)
zephyr/libzephyr.a(log_cmds.c.obj)
                              (--whole-archive)
zephyr/libzephyr.a(device_service.c.obj)
                              (--whole-archive)
zephyr/libzephyr.a(shell.c.obj)
                              (--whole-archive)
zephyr/libzephyr.a(shell_fprintf.c.obj)
                              (--whole-archive)
zephyr/libzephyr.a(shell_utils.c.obj)
                              (--whole-archive)
zephyr/libzephyr.a(shell_ops.c.obj)
                              (--whole-archive)
zephyr/libzephyr.a(shell_uart.c.obj)
                              (--whole-archive)
zephyr/libzephyr.a(shell_help.c.obj)
                              (--whole-archive)
zephyr/libzephyr.a(shell_cmds.c.obj)
                              (--whole-archive)
zephyr/libzephyr.a(shell_history.c.obj)
                              (--whole-archive)
zephyr/libzephyr.a(shell_log_backend.c.obj)
                              (--whole-archive)
zephyr/libzephyr.a(shell_wildcard.c.obj)
                              (--whole-archive)
zephyr/libzephyr.a(addr_utils.c.obj)
                              (--whole-archive)
zephyr/libzephyr.a(coap.c.obj)
                              (--whole-archive)
zephyr/libzephyr.a(coap_link_format.c.obj)
                              (--whole-archive)
zephyr/libzephyr.a(getaddrinfo.c.obj)
                              (--whole-archive)
zephyr/libzephyr.a(getnameinfo.c.obj)
                              (--whole-archive)
zephyr/libzephyr.a(sockets.c.obj)
                              (--whole-archive)
zephyr/libzephyr.a(sockets_select.c.obj)
                              (--whole-archive)
zephyr/libzephyr.a(sockets_misc.c.obj)
                              (--whole-archive)
zephyr/libzephyr.a(uart_console.c.obj)
                              (--whole-archive)
zephyr/libzephyr.a(exti_stm32.c.obj)
                              (--whole-archive)
zephyr/libzephyr.a(clock_stm32_ll_common.c.obj)
                              (--whole-archive)
zephyr/libzephyr.a(clock_stm32f0_f3.c.obj)
                              (--whole-archive)
zephyr/libzephyr.a(pinmux_stm32.c.obj)
                              (--whole-archive)
zephyr/libzephyr.a(eth_enc28j60.c.obj)
                              (--whole-archive)
zephyr/libzephyr.a(sys_clock_init.c.obj)
                              (--whole-archive)
zephyr/libzephyr.a(cortex_m_systick.c.obj)
                              (--whole-archive)
zephyr/arch/common/libarch__common.a(isr_tables.c.obj)
                              (--whole-archive)
zephyr/arch/common/libarch__common.a(sw_isr_common.c.obj)
                              (--whole-archive)
zephyr/arch/arch/arm/core/libarch__arm__core.a(exc_exit.S.obj)
                              (--whole-archive)
zephyr/arch/arch/arm/core/libarch__arm__core.a(swap.c.obj)
                              (--whole-archive)
zephyr/arch/arch/arm/core/libarch__arm__core.a(swap_helper.S.obj)
                              (--whole-archive)
[...]
Memory Configuration

Name             Origin             Length             Attributes
FLASH            0x0000000008000000 0x0000000000040000 xr
SRAM             0x0000000020000000 0x000000000000a000 xw
IDT_LIST         0x000000002000a000 0x0000000000000800 xw
*default*        0x0000000000000000 0xffffffffffffffff

Linker script and memory map

LOAD zephyr/CMakeFiles/zephyr_prebuilt.dir/misc/empty_file.c.obj
                0x0000000000000004                _region_min_align = 0x4

.rel.plt        0x0000000008000000        0x0
 *(SORT_BY_ALIGNMENT(.rel.plt))
                [!provide]                        PROVIDE (__rel_iplt_start = .)
 *(SORT_BY_ALIGNMENT(.rel.iplt))
 .rel.iplt      0x0000000008000000        0x0 app/libapp.a(main.c.obj)
                [!provide]                        PROVIDE (__rel_iplt_end = .)

.rela.plt       0x0000000000000000        0x0
 *(SORT_BY_ALIGNMENT(.rela.plt))
                [!provide]                        PROVIDE (__rela_iplt_start = .)
 *(SORT_BY_ALIGNMENT(.rela.iplt))
                [!provide]                        PROVIDE (__rela_iplt_end = .)

.rel.dyn
 *(SORT_BY_ALIGNMENT(.rel.*))

.rela.dyn
 *(SORT_BY_ALIGNMENT(.rela.*))

/DISCARD/
 *(SORT_BY_ALIGNMENT(.plt))
 *(SORT_BY_ALIGNMENT(.iplt))
 *(SORT_BY_ALIGNMENT(.got.plt))
 *(SORT_BY_ALIGNMENT(.igot.plt))
 *(SORT_BY_ALIGNMENT(.got))
 *(SORT_BY_ALIGNMENT(.igot))
 *(SORT_BY_ALIGNMENT(.note.GNU-stack))
                0x0000000008000000                _image_rom_start = 0x8000000

text            0x0000000008000000      0x188
                0x0000000000000000                . = 0x0
                0x0000000008000000                _vector_start = .
 *(SORT_BY_ALIGNMENT(.exc_vector_table))
 *(SORT_BY_ALIGNMENT(.exc_vector_table.*))
 .exc_vector_table._vector_table_section
                0x0000000008000000       0x40 zephyr/arch/arch/arm/core/cortex_m/libarch__arm__core__cortex_m.a(vector_table.S.obj)
                0x0000000008000000                _vector_table
 *(SORT_BY_ALIGNMENT(.gnu.linkonce.irq_vector_table))
 .gnu.linkonce.irq_vector_table
                0x0000000008000040      0x148 zephyr/arch/common/libarch__common.a(isr_tables.c.obj)
                0x0000000008000040                _irq_vector_table
 *(SORT_BY_ALIGNMENT(.vectors))
 *(SORT_BY_ALIGNMENT(.openocd_dbg))
 *(SORT_BY_ALIGNMENT(.openocd_dbg.*))
                0x0000000008000188                _vector_end = .

_TEXT_SECTION_NAME_2
                0x0000000008000190    0x18cbe
                0x0000000008000190                _image_text_start = .
 *(SORT_BY_ALIGNMENT(.text))
 .text          0x0000000008000190       0xa0 /home/zyscal/zephyr-sdk-0.10.3/arm-zephyr-eabi/arm-zephyr-eabi/lib/thumb/v7e-m+fp/hard/libc.a(lib_a-memchr.o)
                0x0000000008000190                memchr
 .text          0x0000000008000230      0x4b8 /home/zyscal/zephyr-sdk-0.10.3/arm-zephyr-eabi/arm-zephyr-eabi/lib/thumb/v7e-m+fp/hard/libm.a(lib_a-e_acos.o)
                0x0000000008000230                __ieee754_acos
 .text          0x00000000080006e8       0x10 /home/zyscal/zephyr-sdk-0.10.3/arm-zephyr-eabi/arm-zephyr-eabi/lib/thumb/v7e-m+fp/hard/libm.a(lib_a-s_nan.o)
                0x00000000080006e8                nan
 .text          0x00000000080006f8      0xc60 /home/zyscal/zephyr-sdk-0.10.3/arm-zephyr-eabi/arm-zephyr-eabi/lib/thumb/v7e-m+fp/hard/libc.a(lib_a-dtoa.o)
                0x000000000800080a                _dtoa_r
 .text          0x0000000008001358      0x378 /home/zyscal/zephyr-sdk-0.10.3/arm-zephyr-eabi/bin/../lib/gcc/arm-zephyr-eabi/8.3.0/thumb/v7e-m+fp/hard/libgcc.a(_arm_addsubdf3.o)
                0x0000000008001358                __aeabi_drsub
                0x0000000008001360                __aeabi_dsub
                0x0000000008001360                __subdf3
                0x0000000008001364                __adddf3
                0x0000000008001364                __aeabi_dadd
                0x00000000080015dc                __aeabi_ui2d
                0x00000000080015dc                __floatunsidf
                0x00000000080015fc                __floatsidf
                0x00000000080015fc                __aeabi_i2d
                0x0000000008001620                __extendsfdf2
                0x0000000008001620                __aeabi_f2d
                0x0000000008001664                __aeabi_ul2d
                0x0000000008001664                __floatundidf
                0x0000000008001674                __floatdidf
                0x0000000008001674                __aeabi_l2d
 .text          0x00000000080016d0      0x424 /home/zyscal/zephyr-sdk-0.10.3/arm-zephyr-eabi/bin/../lib/gcc/arm-zephyr-eabi/8.3.0/thumb/v7e-m+fp/hard/libgcc.a(_arm_muldivdf3.o)
                0x00000000080016d0                __aeabi_dmul
                0x00000000080016d0                __muldf3
                0x0000000008001924                __aeabi_ddiv
                0x0000000008001924                __divdf3
 .text          0x0000000008001af4       0x50 /home/zyscal/zephyr-sdk-0.10.3/arm-zephyr-eabi/bin/../lib/gcc/arm-zephyr-eabi/8.3.0/thumb/v7e-m+fp/hard/libgcc.a(_arm_fixdfsi.o)
                0x0000000008001af4                __fixdfsi
                0x0000000008001af4                __aeabi_d2iz
 .text          0x0000000008001b44       0xa0 /home/zyscal/zephyr-sdk-0.10.3/arm-zephyr-eabi/bin/../lib/gcc/arm-zephyr-eabi/8.3.0/thumb/v7e-m+fp/hard/libgcc.a(_arm_truncdfsf2.o)
                0x0000000008001b44                __aeabi_d2f
                0x0000000008001b44                __truncdfsf2
 .text          0x0000000008001be4       0xa0 /home/zyscal/zephyr-sdk-0.10.3/arm-zephyr-eabi/bin/../lib/gcc/arm-zephyr-eabi/8.3.0/thumb/v7e-m+fp/hard/libgcc.a(_aeabi_ldivmod.o)
                0x0000000008001be4                __aeabi_ldivmod
 .text          0x0000000008001c84       0x30 /home/zyscal/zephyr-sdk-0.10.3/arm-zephyr-eabi/bin/../lib/gcc/arm-zephyr-eabi/8.3.0/thumb/v7e-m+fp/hard/libgcc.a(_aeabi_uldivmod.o)
                0x0000000008001c84                __aeabi_uldivmod
 .text          0x0000000008001cb4        0x4 /home/zyscal/zephyr-sdk-0.10.3/arm-zephyr-eabi/bin/../lib/gcc/arm-zephyr-eabi/8.3.0/thumb/v7e-m+fp/hard/libgcc.a(_dvmd_tls.o)
                0x0000000008001cb4                __aeabi_ldiv0
                0x0000000008001cb4                __aeabi_idiv0
 .text          0x0000000008001cb8       0xb0 /home/zyscal/zephyr-sdk-0.10.3/arm-zephyr-eabi/arm-zephyr-eabi/lib/thumb/v7e-m+fp/hard/libm.a(lib_a-w_acos.o)
                0x0000000008001cb8                acos
 .text          0x0000000008001d68       0xac /home/zyscal/zephyr-sdk-0.10.3/arm-zephyr-eabi/arm-zephyr-eabi/lib/thumb/v7e-m+fp/hard/libm.a(lib_a-w_sqrt.o)
                0x0000000008001d68                sqrt
 .text          0x0000000008001e14      0x160 /home/zyscal/zephyr-sdk-0.10.3/arm-zephyr-eabi/arm-zephyr-eabi/lib/thumb/v7e-m+fp/hard/libm.a(lib_a-e_sqrt.o)
                0x0000000008001e14                __ieee754_sqrt
 .text          0x0000000008001f74       0x48 /home/zyscal/zephyr-sdk-0.10.3/arm-zephyr-eabi/arm-zephyr-eabi/lib/thumb/v7e-m+fp/hard/libc.a(lib_a-assert.o)
                0x0000000008001f74                __assert_func
                0x0000000008001fb0                __assert
 .text          0x0000000008001fbc       0x40 /home/zyscal/zephyr-sdk-0.10.3/arm-zephyr-eabi/arm-zephyr-eabi/lib/thumb/v7e-m+fp/hard/libc.a(lib_a-fprintf.o)
                0x0000000008001fbc                _fprintf_r
                0x0000000008001fbc                _fiprintf_r
                0x0000000008001fd6                fprintf
                0x0000000008001fd6                fiprintf
 .text          0x0000000008001ffc      0x270 /home/zyscal/zephyr-sdk-0.10.3/arm-zephyr-eabi/arm-zephyr-eabi/lib/thumb/v7e-m+fp/hard/libc.a(lib_a-nano-vfprintf.o)
                0x000000000800202a                __sfputs_r
                0x000000000800204e                __sprint_r
                0x0000000008002068                _vfiprintf_r
                0x0000000008002068                _vfprintf_r
                0x0000000008002258                vfiprintf
                0x0000000008002258                vfprintf
 .text          0x000000000800226c      0x574 /home/zyscal/zephyr-sdk-0.10.3/arm-zephyr-eabi/arm-zephyr-eabi/lib/thumb/v7e-m+fp/hard/libc.a(lib_a-nano-vfprintf_float.o)
                0x000000000800226c                __cvt
                0x0000000008002326                __exponent
                0x000000000800238a                _printf_float
 .text          0x00000000080027e0      0x314 /home/zyscal/zephyr-sdk-0.10.3/arm-zephyr-eabi/arm-zephyr-eabi/lib/thumb/v7e-m+fp/hard/libc.a(lib_a-nano-vfprintf_i.o)
                0x00000000080027e0                _printf_common
                0x00000000080028ca                _printf_i
 .text          0x0000000008002af4       0x40 /home/zyscal/zephyr-sdk-0.10.3/arm-zephyr-eabi/arm-zephyr-eabi/lib/thumb/v7e-m+fp/hard/libc.a(lib_a-printf.o)
                0x0000000008002af4                _printf_r
                0x0000000008002af4                _iprintf_r
                0x0000000008002b10                printf
                0x0000000008002b10                iprintf
 .text          0x0000000008002b34       0xc4 /home/zyscal/zephyr-sdk-0.10.3/arm-zephyr-eabi/arm-zephyr-eabi/lib/thumb/v7e-m+fp/hard/libc.a(lib_a-snprintf.o)
                0x0000000008002b34                _sniprintf_r
                0x0000000008002b34                _snprintf_r
                0x0000000008002b92                snprintf
                0x0000000008002b92                sniprintf
 .text          0x0000000008002bf8      0x114 /home/zyscal/zephyr-sdk-0.10.3/arm-zephyr-eabi/arm-zephyr-eabi/lib/thumb/v7e-m+fp/hard/libc.a(lib_a-strtol.o)
                0x0000000008002ce8                _strtol_r
                0x0000000008002cea                strtol_l
                0x0000000008002cfc                strtol
 .text          0x0000000008002d0c       0x74 /home/zyscal/zephyr-sdk-0.10.3/arm-zephyr-eabi/arm-zephyr-eabi/lib/thumb/v7e-m+fp/hard/libc.a(lib_a-vsnprintf.o)
                0x0000000008002d0c                _vsnprintf_r
                0x0000000008002d0c                _vsniprintf_r
                0x0000000008002d64                vsnprintf
                0x0000000008002d64                vsniprintf
 .text          0x0000000008002d80       0x40 /home/zyscal/zephyr-sdk-0.10.3/arm-zephyr-eabi/arm-zephyr-eabi/lib/thumb/v7e-m+fp/hard/libc.a(lib_a-vsprintf.o)
                0x0000000008002d80                _vsiprintf_r
                0x0000000008002d80                _vsprintf_r
                0x0000000008002dac                vsprintf
                0x0000000008002dac                vsiprintf
 .text          0x0000000008002dc0       0x8c /home/zyscal/zephyr-sdk-0.10.3/arm-zephyr-eabi/arm-zephyr-eabi/lib/thumb/v7e-m+fp/hard/libc.a(lib_a-wbuf.o)
                0x0000000008002dc0                __swbuf_r
                0x0000000008002e3a                __swbuf
 .text          0x0000000008002e4c       0xb0 /home/zyscal/zephyr-sdk-0.10.3/arm-zephyr-eabi/arm-zephyr-eabi/lib/thumb/v7e-m+fp/hard/libc.a(lib_a-wsetup.o)
                0x0000000008002e4c                __swsetup_r
 .text          0x0000000008002efc       0x48 /home/zyscal/zephyr-sdk-0.10.3/arm-zephyr-eabi/arm-zephyr-eabi/lib/thumb/v7e-m+fp/hard/libc.a(lib_a-chk_fail.o)
                0x0000000008002efc                __chk_fail
 .text          0x0000000008002f44      0x164 /home/zyscal/zephyr-sdk-0.10.3/arm-zephyr-eabi/arm-zephyr-eabi/lib/thumb/v7e-m+fp/hard/libc.a(lib_a-fflush.o)
                0x0000000008002f44                __sflush_r
                0x0000000008003060                _fflush_r
                0x0000000008003084                fflush
 .text          0x00000000080030a8      0x148 /home/zyscal/zephyr-sdk-0.10.3/arm-zephyr-eabi/arm-zephyr-eabi/lib/thumb/v7e-m+fp/hard/libc.a(lib_a-findfp.o)
                0x00000000080030f0                _cleanup_r
                0x00000000080030fc                __sfmoreglue
                0x0000000008003128                _cleanup
                0x0000000008003134                __sinit
                0x0000000008003178                __sfp
 .text          0x00000000080031f0      0x2a0 /home/zyscal/zephyr-sdk-0.10.3/arm-zephyr-eabi/arm-zephyr-eabi/lib/thumb/v7e-m+fp/hard/libc.a(lib_a-fvwrite.o)
                0x00000000080031f0                __sfvwrite_r
 .text          0x0000000008003490       0x14 /home/zyscal/zephyr-sdk-0.10.3/arm-zephyr-eabi/arm-zephyr-eabi/lib/thumb/v7e-m+fp/hard/libc.a(lib_a-localeconv.o)
                0x0000000008003490                __localeconv_l
                0x0000000008003494                _localeconv_r
                0x000000000800349c                localeconv
 .text          0x00000000080034a4       0xd8 /home/zyscal/zephyr-sdk-0.10.3/arm-zephyr-eabi/arm-zephyr-eabi/lib/thumb/v7e-m+fp/hard/libc.a(lib_a-makebuf.o)
                0x00000000080034a4                __swhatbuf_r
                0x00000000080034fa                __smakebuf_r
 .text          0x000000000800357c      0x7d4 /home/zyscal/zephyr-sdk-0.10.3/arm-zephyr-eabi/arm-zephyr-eabi/lib/thumb/v7e-m+fp/hard/libc.a(lib_a-mprec.o)
                0x000000000800357c                _Balloc
                0x00000000080035c6                _Bfree
                0x00000000080035d8                __multadd
                0x000000000800364e                __s2b
                0x00000000080036ca                __hi0bits
                0x000000000800370a                __lo0bits
                0x000000000800376a                __i2b
                0x000000000800377c                __multiply
                0x000000000800389c                __pow5mult
                0x000000000800391c                __lshift
                0x00000000080039c2                __mcmp
                0x00000000080039f6                __mdiff
                0x0000000008003ab0                __ulp
                0x0000000008003afc                __b2d
                0x0000000008003b9c                __d2b
                0x0000000008003c38                __ratio
                0x0000000008003c9e                _mprec_log10
                0x0000000008003cd8                __copybits
                0x0000000008003d0c                __any_on
 .text          0x0000000008003d50       0x9c /home/zyscal/zephyr-sdk-0.10.3/arm-zephyr-eabi/arm-zephyr-eabi/lib/thumb/v7e-m+fp/hard/libc.a(lib_a-nano-freer.o)
                0x0000000008003d50                _free_r
 .text          0x0000000008003dec       0xac /home/zyscal/zephyr-sdk-0.10.3/arm-zephyr-eabi/arm-zephyr-eabi/lib/thumb/v7e-m+fp/hard/libc.a(lib_a-nano-mallocr.o)
                0x0000000008003dec                _malloc_r
 .text          0x0000000008003e98      0x394 /home/zyscal/zephyr-sdk-0.10.3/arm-zephyr-eabi/arm-zephyr-eabi/lib/thumb/v7e-m+fp/hard/libc.a(lib_a-nano-svfprintf.o)
                0x0000000008003e98                __ssputs_r
                0x0000000008003f4e                __ssprint_r
                0x000000000800403e                _svfprintf_r
                0x000000000800403e                _svfiprintf_r
 .text          0x000000000800422c       0x20 /home/zyscal/zephyr-sdk-0.10.3/arm-zephyr-eabi/arm-zephyr-eabi/lib/thumb/v7e-m+fp/hard/libc.a(lib_a-sbrkr.o)
                0x000000000800422c                _sbrk_r
 .text          0x000000000800424c      0x138 /home/zyscal/zephyr-sdk-0.10.3/arm-zephyr-eabi/arm-zephyr-eabi/lib/thumb/v7e-m+fp/hard/libc.a(lib_a-signal.o)
                0x000000000800424c                _init_signal_r
                0x0000000008004278                _signal_r
                0x00000000080042ac                _raise_r
                0x00000000080042fe                __sigtramp_r
                0x000000000800434a                raise
                0x0000000008004358                signal
                0x0000000008004368                _init_signal
                0x0000000008004374                __sigtramp
 .text          0x0000000008004384       0x28 /home/zyscal/zephyr-sdk-0.10.3/arm-zephyr-eabi/arm-zephyr-eabi/lib/thumb/v7e-m+fp/hard/libc.a(lib_a-signalr.o)
                0x0000000008004384                _kill_r
                0x00000000080043a8                _getpid_r
 .text          0x00000000080043ac       0x24 /home/zyscal/zephyr-sdk-0.10.3/arm-zephyr-eabi/arm-zephyr-eabi/lib/thumb/v7e-m+fp/hard/libc.a(lib_a-writer.o)
                0x00000000080043ac                _write_r
 .text          0x00000000080043d0       0x20 /home/zyscal/zephyr-sdk-0.10.3/arm-zephyr-eabi/arm-zephyr-eabi/lib/thumb/v7e-m+fp/hard/libc.a(lib_a-closer.o)
                0x00000000080043d0                _close_r
 .text          0x00000000080043f0       0x24 /home/zyscal/zephyr-sdk-0.10.3/arm-zephyr-eabi/arm-zephyr-eabi/lib/thumb/v7e-m+fp/hard/libc.a(lib_a-fstatr.o)
                0x00000000080043f0                _fstat_r
 .text          0x0000000008004414       0x20 /home/zyscal/zephyr-sdk-0.10.3/arm-zephyr-eabi/arm-zephyr-eabi/lib/thumb/v7e-m+fp/hard/libc.a(lib_a-isattyr.o)
                0x0000000008004414                _isatty_r
 .text          0x0000000008004434       0x24 /home/zyscal/zephyr-sdk-0.10.3/arm-zephyr-eabi/arm-zephyr-eabi/lib/thumb/v7e-m+fp/hard/libc.a(lib_a-lseekr.o)
                0x0000000008004434                _lseek_r
 .text          0x0000000008004458       0x38 /home/zyscal/zephyr-sdk-0.10.3/arm-zephyr-eabi/arm-zephyr-eabi/lib/thumb/v7e-m+fp/hard/libc.a(lib_a-mbtowc_r.o)
                0x0000000008004458                _mbtowc_r
                0x000000000800446c                __ascii_mbtowc
 .text          0x0000000008004490       0x24 /home/zyscal/zephyr-sdk-0.10.3/arm-zephyr-eabi/arm-zephyr-eabi/lib/thumb/v7e-m+fp/hard/libc.a(lib_a-readr.o)
                0x0000000008004490                _read_r
 .text          0x00000000080044b4       0x30 /home/zyscal/zephyr-sdk-0.10.3/arm-zephyr-eabi/arm-zephyr-eabi/lib/thumb/v7e-m+fp/hard/libc.a(lib_a-wctomb_r.o)
                0x00000000080044b4                _wctomb_r
                0x00000000080044c8                __ascii_wctomb
 .text          0x00000000080044e4      0x110 /home/zyscal/zephyr-sdk-0.10.3/arm-zephyr-eabi/bin/../lib/gcc/arm-zephyr-eabi/8.3.0/thumb/v7e-m+fp/hard/libgcc.a(_arm_cmpdf2.o)
                0x00000000080044e4                __gtdf2
                0x00000000080044e4                __gedf2
                0x00000000080044ec                __ltdf2
                0x00000000080044ec                __ledf2
                0x00000000080044f4                __cmpdf2
                0x00000000080044f4                __eqdf2
                0x00000000080044f4                __nedf2
                0x0000000008004570                __aeabi_cdrcmple
                0x0000000008004580                __aeabi_cdcmple
                0x0000000008004580                __aeabi_cdcmpeq
                0x0000000008004590                __aeabi_dcmpeq
                0x00000000080045a4                __aeabi_dcmplt
                0x00000000080045b8                __aeabi_dcmple
                0x00000000080045cc                __aeabi_dcmpge
                0x00000000080045e0                __aeabi_dcmpgt
 .text          0x00000000080045f4       0x2c /home/zyscal/zephyr-sdk-0.10.3/arm-zephyr-eabi/bin/../lib/gcc/arm-zephyr-eabi/8.3.0/thumb/v7e-m+fp/hard/libgcc.a(_arm_unorddf2.o)
                0x00000000080045f4                __aeabi_dcmpun
                0x00000000080045f4                __unorddf2
 .text          0x0000000008004620      0x2b4 /home/zyscal/zephyr-sdk-0.10.3/arm-zephyr-eabi/bin/../lib/gcc/arm-zephyr-eabi/8.3.0/thumb/v7e-m+fp/hard/libgcc.a(_udivmoddi4.o)
                0x0000000008004620                __udivmoddi4
 .text          0x00000000080048d4       0x12 /home/zyscal/zephyr-sdk-0.10.3/arm-zephyr-eabi/arm-zephyr-eabi/lib/thumb/v7e-m+fp/hard/libm.a(lib_a-s_fabs.o)
                0x00000000080048d4                fabs
 .text          0x00000000080048e6        0x4 /home/zyscal/zephyr-sdk-0.10.3/arm-zephyr-eabi/arm-zephyr-eabi/lib/thumb/v7e-m+fp/hard/libm.a(lib_a-s_matherr.o)
                0x00000000080048e6                matherr
 .text          0x00000000080048ea        0x8 /home/zyscal/zephyr-sdk-0.10.3/arm-zephyr-eabi/arm-zephyr-eabi/lib/thumb/v7e-m+fp/hard/libc.a(lib_a-abs.o)
                0x00000000080048ea                abs
 .text          0x00000000080048f2       0x10 /home/zyscal/zephyr-sdk-0.10.3/arm-zephyr-eabi/arm-zephyr-eabi/lib/thumb/v7e-m+fp/hard/libc.a(lib_a-atoi.o)
                0x00000000080048f2                atoi
                0x00000000080048fa                _atoi_r
 .text          0x0000000008004902       0x1c /home/zyscal/zephyr-sdk-0.10.3/arm-zephyr-eabi/arm-zephyr-eabi/lib/thumb/v7e-m+fp/hard/libc.a(lib_a-memcmp.o)
                0x0000000008004902                memcmp
 .text          0x000000000800491e       0x1c /home/zyscal/zephyr-sdk-0.10.3/arm-zephyr-eabi/arm-zephyr-eabi/lib/thumb/v7e-m+fp/hard/libc.a(lib_a-memcpy-stub.o)
                0x000000000800491e                memcpy
 .text          0x000000000800493a       0x34 /home/zyscal/zephyr-sdk-0.10.3/arm-zephyr-eabi/arm-zephyr-eabi/lib/thumb/v7e-m+fp/hard/libc.a(lib_a-memmove.o)
                0x000000000800493a                memmove
 .text          0x000000000800496e       0x10 /home/zyscal/zephyr-sdk-0.10.3/arm-zephyr-eabi/arm-zephyr-eabi/lib/thumb/v7e-m+fp/hard/libc.a(lib_a-memset.o)
                0x000000000800496e                memset
 .text          0x000000000800497e       0x34 /home/zyscal/zephyr-sdk-0.10.3/arm-zephyr-eabi/arm-zephyr-eabi/lib/thumb/v7e-m+fp/hard/libc.a(lib_a-sprintf_chk.o)
                0x000000000800497e                __sprintf_chk
 .text          0x00000000080049b2       0x1a /home/zyscal/zephyr-sdk-0.10.3/arm-zephyr-eabi/arm-zephyr-eabi/lib/thumb/v7e-m+fp/hard/libc.a(lib_a-strchr.o)
                0x00000000080049b2                strchr
 .text          0x00000000080049cc       0x14 /home/zyscal/zephyr-sdk-0.10.3/arm-zephyr-eabi/arm-zephyr-eabi/lib/thumb/v7e-m+fp/hard/libc.a(lib_a-strcmp.o)
                0x00000000080049cc                strcmp
 .text          0x00000000080049e0       0x10 /home/zyscal/zephyr-sdk-0.10.3/arm-zephyr-eabi/arm-zephyr-eabi/lib/thumb/v7e-m+fp/hard/libc.a(lib_a-strcpy.o)
                0x00000000080049e0                strcpy
 .text          0x00000000080049f0       0x10 /home/zyscal/zephyr-sdk-0.10.3/arm-zephyr-eabi/arm-zephyr-eabi/lib/thumb/v7e-m+fp/hard/libc.a(lib_a-strlen.o)
                0x00000000080049f0                strlen
 .text          0x0000000008004a00       0x24 /home/zyscal/zephyr-sdk-0.10.3/arm-zephyr-eabi/arm-zephyr-eabi/lib/thumb/v7e-m+fp/hard/libc.a(lib_a-strncmp.o)
                0x0000000008004a00                strncmp
 .text          0x0000000008004a24       0x26 /home/zyscal/zephyr-sdk-0.10.3/arm-zephyr-eabi/arm-zephyr-eabi/lib/thumb/v7e-m+fp/hard/libc.a(lib_a-strncpy.o)
                0x0000000008004a24                strncpy
 .text          0x0000000008004a4a       0x28 /home/zyscal/zephyr-sdk-0.10.3/arm-zephyr-eabi/arm-zephyr-eabi/lib/thumb/v7e-m+fp/hard/libc.a(lib_a-strrchr.o)
                0x0000000008004a4a                strrchr
 .text          0x0000000008004a72       0x2e /home/zyscal/zephyr-sdk-0.10.3/arm-zephyr-eabi/arm-zephyr-eabi/lib/thumb/v7e-m+fp/hard/libc.a(lib_a-strstr.o)
                0x0000000008004a72                strstr
 .text          0x0000000008004aa0        0xe /home/zyscal/zephyr-sdk-0.10.3/arm-zephyr-eabi/arm-zephyr-eabi/lib/thumb/v7e-m+fp/hard/libc.a(lib_a-abort.o)
                0x0000000008004aa0                abort
 .text          0x0000000008004aae       0x74 /home/zyscal/zephyr-sdk-0.10.3/arm-zephyr-eabi/arm-zephyr-eabi/lib/thumb/v7e-m+fp/hard/libc.a(lib_a-fwalk.o)
                0x0000000008004aae                _fwalk
                0x0000000008004ae6                _fwalk_reent
 .text          0x0000000008004b22       0x1c /home/zyscal/zephyr-sdk-0.10.3/arm-zephyr-eabi/arm-zephyr-eabi/lib/thumb/v7e-m+fp/hard/libc.a(lib_a-nano-callocr.o)
                0x0000000008004b22                _calloc_r
 .text          0x0000000008004b3e       0x4c /home/zyscal/zephyr-sdk-0.10.3/arm-zephyr-eabi/arm-zephyr-eabi/lib/thumb/v7e-m+fp/hard/libc.a(lib_a-nano-reallocr.o)
                0x0000000008004b3e                _realloc_r
 .text          0x0000000008004b8a       0x8a /home/zyscal/zephyr-sdk-0.10.3/arm-zephyr-eabi/arm-zephyr-eabi/lib/thumb/v7e-m+fp/hard/libc.a(lib_a-stdio.o)
                0x0000000008004b8a                __sread
                0x0000000008004bac                __seofread
                0x0000000008004bb0                __swrite
                0x0000000008004be8                __sseek
                0x0000000008004c0c                __sclose
 .text          0x0000000008004c14        0x4 /home/zyscal/zephyr-sdk-0.10.3/arm-zephyr-eabi/arm-zephyr-eabi/lib/thumb/v7e-m+fp/hard/libc.a(lib_a-mlock.o)
                0x0000000008004c14                __malloc_lock
                0x0000000008004c16                __malloc_unlock
 .text          0x0000000008004c18       0x10 /home/zyscal/zephyr-sdk-0.10.3/arm-zephyr-eabi/arm-zephyr-eabi/lib/thumb/v7e-m+fp/hard/libc.a(lib_a-nano-msizer.o)
                0x0000000008004c18                _malloc_usable_size_r
 *(SORT_BY_ALIGNMENT(.text.*))
 .text.main     0x0000000008004c28      0x908 app/libapp.a(main.c.obj)
                0x0000000008004c28                main
 .text.handle_ipv6_echo_reply
                0x0000000008005530       0xfc zephyr/subsys/net/ip/libsubsys__net__ip.a(net_shell.c.obj)
 *fill*         0x000000000800562c        0x4 
 .text.lis2dh_attr_set
                0x0000000008005630      0x134 zephyr/drivers/sensor/lis2dh/libdrivers__sensor__lis2dh.a(lis2dh.c.obj)
 .text.send_simple_coap_request.constprop.0
                0x0000000008005764       0xc8 app/libapp.a(main.c.obj)
 .text.floattoint
                0x000000000800582c       0x28 app/libapp.a(main.c.obj)
                0x000000000800582c                floattoint
 .text._check_fd
                0x0000000008005854       0x28 zephyr/libzephyr.a(fdtable.c.obj)
 .text.z_get_fd_obj_and_vtable
                0x000000000800587c       0x28 zephyr/libzephyr.a(fdtable.c.obj)
                0x000000000800587c                z_get_fd_obj_and_vtable
 .text.z_reserve_fd
                0x00000000080058a4       0x44 zephyr/libzephyr.a(fdtable.c.obj)
                0x00000000080058a4                z_reserve_fd
 .text.z_finalize_fd
                0x00000000080058e8       0x14 zephyr/libzephyr.a(fdtable.c.obj)
                0x00000000080058e8                z_finalize_fd
 .text.z_free_fd
                0x00000000080058fc       0x10 zephyr/libzephyr.a(fdtable.c.obj)
                0x00000000080058fc                z_free_fd
 .text.char_out
                0x000000000800590c       0x10 zephyr/libzephyr.a(printk.c.obj)
 .text._printk_dec_ulong
                0x000000000800591c       0x98 zephyr/libzephyr.a(printk.c.obj)
 .text.__printk_hook_install
                0x00000000080059b4        0xc zephyr/libzephyr.a(printk.c.obj)
                0x00000000080059b4                __printk_hook_install
 .text.vprintk  0x00000000080059c0       0x1c zephyr/libzephyr.a(printk.c.obj)
                0x00000000080059c0                vprintk
 .text.vsnprintk
                0x00000000080059dc       0x28 zephyr/libzephyr.a(printk.c.obj)
                0x00000000080059dc                vsnprintk
 .text.stm32f3_init
                0x0000000008005a04       0x2c zephyr/libzephyr.a(soc.c.obj)
 .text.foldcase
                0x0000000008005a30       0x18 zephyr/libzephyr.a(fnmatch.c.obj)
 .text.enable_logger
                0x0000000008005a48       0x54 zephyr/libzephyr.a(log_core.c.obj)
 .text.log_process_thread_timer_expiry_fn
                0x0000000008005a9c        0xc zephyr/libzephyr.a(log_core.c.obj)
 .text.log_core_init
                0x0000000008005aa8       0x74 zephyr/libzephyr.a(log_core.c.obj)
                0x0000000008005aa8                log_core_init
 .text.dropped_notify
                0x0000000008005b1c       0x4c zephyr/libzephyr.a(log_core.c.obj)
                0x0000000008005b1c                dropped_notify
 .text.log_dropped
                0x0000000008005b68       0x20 zephyr/libzephyr.a(log_core.c.obj)
                0x0000000008005b68                log_dropped
 .text.log_source_name_get
                0x0000000008005b88       0x1c zephyr/libzephyr.a(log_core.c.obj)
                0x0000000008005b88                log_source_name_get
 .text.z_impl_log_filter_set
                0x0000000008005ba4       0xcc zephyr/libzephyr.a(log_core.c.obj)
                0x0000000008005ba4                z_impl_log_filter_set
 .text.backend_filter_set
                0x0000000008005c70       0x30 zephyr/libzephyr.a(log_core.c.obj)
 .text.log_backend_enable
                0x0000000008005ca0       0x40 zephyr/libzephyr.a(log_core.c.obj)
                0x0000000008005ca0                log_backend_enable
 .text.log_init
                0x0000000008005ce0       0x70 zephyr/libzephyr.a(log_core.c.obj)
                0x0000000008005ce0                log_init
 .text.log_filter_get
                0x0000000008005d50       0x54 zephyr/libzephyr.a(log_core.c.obj)
                0x0000000008005d50                log_filter_get
 .text.log_strdup
                0x0000000008005da4       0x6c zephyr/libzephyr.a(log_core.c.obj)
                0x0000000008005da4                log_strdup
 .text.log_is_strdup
                0x0000000008005e10       0x1c zephyr/libzephyr.a(log_core.c.obj)
                0x0000000008005e10                log_is_strdup
 .text.z_impl_log_process
                0x0000000008005e2c      0x1b8 zephyr/libzephyr.a(log_core.c.obj)
                0x0000000008005e2c                z_impl_log_process
 .text.msg_finalize
                0x0000000008005fe4       0xb8 zephyr/libzephyr.a(log_core.c.obj)
 .text.log_process_thread_func
                0x000000000800609c       0x44 zephyr/libzephyr.a(log_core.c.obj)
 .text.z_impl_log_panic
                0x00000000080060e0       0x48 zephyr/libzephyr.a(log_core.c.obj)
                0x00000000080060e0                z_impl_log_panic
 .text.log_free
                0x0000000008006128       0x34 zephyr/libzephyr.a(log_core.c.obj)
                0x0000000008006128                log_free
 .text.log_msg_pool_init
                0x000000000800615c       0x14 zephyr/libzephyr.a(log_msg.c.obj)
                0x000000000800615c                log_msg_pool_init
 .text.log_msg_no_space_handle
                0x0000000008006170       0x30 zephyr/libzephyr.a(log_msg.c.obj)
                0x0000000008006170                log_msg_no_space_handle
 .text.log_msg_chunk_alloc
                0x00000000080061a0       0x24 zephyr/libzephyr.a(log_msg.c.obj)
                0x00000000080061a0                log_msg_chunk_alloc
 .text.msg_free
                0x00000000080061c4       0x64 zephyr/libzephyr.a(log_msg.c.obj)
 .text.print_formatted
                0x0000000008006228       0x24 zephyr/libzephyr.a(log_output.c.obj)
 .text.prefix_print
                0x000000000800624c      0x11c zephyr/libzephyr.a(log_output.c.obj)
 .text.postfix_print
                0x0000000008006368       0x3c zephyr/libzephyr.a(log_output.c.obj)
 .text.hexdump_line_print
                0x00000000080063a4       0xe0 zephyr/libzephyr.a(log_output.c.obj)
 .text.log_output_msg_process
                0x0000000008006484       0xec zephyr/libzephyr.a(log_output.c.obj)
                0x0000000008006484                log_output_msg_process
 .text.log_output_dropped_process
                0x0000000008006570       0x54 zephyr/libzephyr.a(log_output.c.obj)
                0x0000000008006570                log_output_dropped_process
 .text.log_output_timestamp_freq_set
                0x00000000080065c4       0x30 zephyr/libzephyr.a(log_output.c.obj)
                0x00000000080065c4                log_output_timestamp_freq_set
 .text.severity_lvl_get
                0x00000000080065f4       0x24 zephyr/libzephyr.a(log_cmds.c.obj)
 .text.backend_name_get
                0x0000000008006618       0x30 zephyr/libzephyr.a(log_cmds.c.obj)
 .text.cmd_log_backends_list
                0x0000000008006648       0x60 zephyr/libzephyr.a(log_cmds.c.obj)
 .text.log_status
                0x00000000080066a8       0xac zephyr/libzephyr.a(log_cmds.c.obj)
 .text.module_name_get
                0x0000000008006754       0x20 zephyr/libzephyr.a(log_cmds.c.obj)
 .text.shell_backend_cmd_execute
                0x0000000008006774       0x7c zephyr/libzephyr.a(log_cmds.c.obj)
 .text.cmd_log_backend_status
                0x00000000080067f0       0x10 zephyr/libzephyr.a(log_cmds.c.obj)
 .text.cmd_log_backend_halt
                0x0000000008006800        0xc zephyr/libzephyr.a(log_cmds.c.obj)
 .text.cmd_log_backend_go
                0x000000000800680c        0xc zephyr/libzephyr.a(log_cmds.c.obj)
 .text.cmd_log_backend_enable
                0x0000000008006818        0xc zephyr/libzephyr.a(log_cmds.c.obj)
 .text.cmd_log_backend_disable
                0x0000000008006824        0xc zephyr/libzephyr.a(log_cmds.c.obj)
 .text.shell_state_precheck
                0x0000000008006830       0x20 zephyr/libzephyr.a(log_cmds.c.obj)
 .text.filters_set
                0x0000000008006850       0xd0 zephyr/libzephyr.a(log_cmds.c.obj)
 .text.log_enable
                0x0000000008006920       0x60 zephyr/libzephyr.a(log_cmds.c.obj)
 .text.cmd_device_list
                0x0000000008006980       0x40 zephyr/libzephyr.a(device_service.c.obj)
 .text.device_get_config_level
                0x00000000080069c0       0x3c zephyr/libzephyr.a(device_service.c.obj)
 .text.cmd_device_levels
                0x00000000080069fc       0x94 zephyr/libzephyr.a(device_service.c.obj)
 .text.history_handle
                0x0000000008006a90       0xa4 zephyr/libzephyr.a(shell.c.obj)
 .text.execute  0x0000000008006b34      0x270 zephyr/libzephyr.a(shell.c.obj)
 .text.shell_process
                0x0000000008006da4      0x750 zephyr/libzephyr.a(shell.c.obj)
                0x0000000008006da4                shell_process
 .text.shell_init
                0x00000000080074f4       0xf4 zephyr/libzephyr.a(shell.c.obj)
                0x00000000080074f4                shell_init
 .text.shell_start
                0x00000000080075e8       0x30 zephyr/libzephyr.a(shell.c.obj)
                0x00000000080075e8                shell_start
 .text.shell_thread
                0x0000000008007618       0xb0 zephyr/libzephyr.a(shell.c.obj)
                0x0000000008007618                shell_thread
 .text.shell_fprintf_fmt
                0x00000000080076c8       0x28 zephyr/libzephyr.a(shell_fprintf.c.obj)
                0x00000000080076c8                shell_fprintf_fmt
 .text.shell_make_argv
                0x00000000080076f0      0x18c zephyr/libzephyr.a(shell_utils.c.obj)
                0x00000000080076f0                shell_make_argv
 .text.shell_cmd_get
                0x000000000800787c       0x54 zephyr/libzephyr.a(shell_utils.c.obj)
                0x000000000800787c                shell_cmd_get
 .text.shell_spaces_trim
                0x00000000080078d0       0x6c zephyr/libzephyr.a(shell_utils.c.obj)
                0x00000000080078d0                shell_spaces_trim
 .text.shell_cmd_trim
                0x000000000800793c       0x6c zephyr/libzephyr.a(shell_utils.c.obj)
                0x000000000800793c                shell_cmd_trim
 .text.clear_eos.isra.6
                0x00000000080079a8       0x10 zephyr/libzephyr.a(shell_ops.c.obj)
 .text.shell_op_cursor_vert_move
                0x00000000080079b8       0x20 zephyr/libzephyr.a(shell_ops.c.obj)
                0x00000000080079b8                shell_op_cursor_vert_move
 .text.shell_op_cursor_horiz_move
                0x00000000080079d8       0x20 zephyr/libzephyr.a(shell_ops.c.obj)
                0x00000000080079d8                shell_op_cursor_horiz_move
 .text.shell_op_cond_next_line
                0x00000000080079f8       0x28 zephyr/libzephyr.a(shell_ops.c.obj)
                0x00000000080079f8                shell_op_cond_next_line
 .text.shell_op_cursor_position_synchronize
                0x0000000008007a20       0x54 zephyr/libzephyr.a(shell_ops.c.obj)
                0x0000000008007a20                shell_op_cursor_position_synchronize
 .text.shell_op_cursor_word_move
                0x0000000008007a74       0x70 zephyr/libzephyr.a(shell_ops.c.obj)
                0x0000000008007a74                shell_op_cursor_word_move
 .text.shell_print_cmd
                0x0000000008007ae4       0x10 zephyr/libzephyr.a(shell_ops.c.obj)
                0x0000000008007ae4                shell_print_cmd
 .text.shell_vt100_color_set
                0x0000000008007af4       0x48 zephyr/libzephyr.a(shell_ops.c.obj)
                0x0000000008007af4                shell_vt100_color_set
 .text.shell_vt100_colors_restore
                0x0000000008007b3c       0x4c zephyr/libzephyr.a(shell_ops.c.obj)
                0x0000000008007b3c                shell_vt100_colors_restore
 .text.shell_op_word_remove
                0x0000000008007b88       0xa8 zephyr/libzephyr.a(shell_ops.c.obj)
                0x0000000008007b88                shell_op_word_remove
 .text.reprint_from_cursor
                0x0000000008007c30       0x54 zephyr/libzephyr.a(shell_ops.c.obj)
 .text.shell_op_char_insert
                0x0000000008007c84       0x64 zephyr/libzephyr.a(shell_ops.c.obj)
                0x0000000008007c84                shell_op_char_insert
 .text.shell_print_prompt_and_cmd
                0x0000000008007ce8       0x30 zephyr/libzephyr.a(shell_ops.c.obj)
                0x0000000008007ce8                shell_print_prompt_and_cmd
 .text.init     0x0000000008007d18       0x30 zephyr/libzephyr.a(shell_uart.c.obj)
 .text.enable_shell_uart
                0x0000000008007d48       0x28 zephyr/libzephyr.a(shell_uart.c.obj)
 .text.uart_callback
                0x0000000008007d70      0x128 zephyr/libzephyr.a(shell_uart.c.obj)
 .text.formatted_text_print.constprop.2
                0x0000000008007e98       0xf4 zephyr/libzephyr.a(shell_help.c.obj)
 .text.shell_help_subcmd_print
                0x0000000008007f8c      0x11c zephyr/libzephyr.a(shell_help.c.obj)
                0x0000000008007f8c                shell_help_subcmd_print
 .text.shell_help_cmd_print
                0x00000000080080a8       0x4c zephyr/libzephyr.a(shell_help.c.obj)
                0x00000000080080a8                shell_help_cmd_print
 .text.cmd_clear
                0x00000000080080f4       0x2c zephyr/libzephyr.a(shell_cmds.c.obj)
 .text.cmd_resize_default
                0x0000000008008120       0x24 zephyr/libzephyr.a(shell_cmds.c.obj)
 .text.cmd_shell_stats_show
                0x0000000008008144       0x18 zephyr/libzephyr.a(shell_cmds.c.obj)
 .text.cmd_help
                0x000000000800815c       0x24 zephyr/libzephyr.a(shell_cmds.c.obj)
 .text.cmd_history
                0x0000000008008180       0x48 zephyr/libzephyr.a(shell_cmds.c.obj)
 .text.cmd_echo
                0x00000000080081c8       0x54 zephyr/libzephyr.a(shell_cmds.c.obj)
 .text.cmd_resize
                0x000000000800821c      0x17c zephyr/libzephyr.a(shell_cmds.c.obj)
 .text.shell_wildcard_process
                0x0000000008008398      0x100 zephyr/libzephyr.a(shell_wildcard.c.obj)
                0x0000000008008398                shell_wildcard_process
 .text.parse_option
                0x0000000008008498      0x16c zephyr/libzephyr.a(coap.c.obj)
 .text.coap_packet_append_option
                0x0000000008008604      0x158 zephyr/libzephyr.a(coap.c.obj)
                0x0000000008008604                coap_packet_append_option
 .text.coap_next_token
                0x000000000800875c       0x18 zephyr/libzephyr.a(coap.c.obj)
                0x000000000800875c                coap_next_token
 .text.net_coap_init
                0x0000000008008774       0x10 zephyr/libzephyr.a(coap.c.obj)
                0x0000000008008774                net_coap_init
 .text.coap_next_id
                0x0000000008008784       0x10 zephyr/libzephyr.a(coap.c.obj)
                0x0000000008008784                coap_next_id
 .text.zsock_accepted_cb
                0x0000000008008794       0x2c zephyr/libzephyr.a(sockets.c.obj)
 .text.zsock_socket_internal
                0x00000000080087c0       0x78 zephyr/libzephyr.a(sockets.c.obj)
                0x00000000080087c0                zsock_socket_internal
 .text.z_impl_zsock_socket
                0x0000000008008838       0x50 zephyr/libzephyr.a(sockets.c.obj)
                0x0000000008008838                z_impl_zsock_socket
 .text.zsock_bind_ctx
                0x0000000008008888       0x48 zephyr/libzephyr.a(sockets.c.obj)
                0x0000000008008888                zsock_bind_ctx
 .text.zsock_connect_ctx
                0x00000000080088d0       0x40 zephyr/libzephyr.a(sockets.c.obj)
                0x00000000080088d0                zsock_connect_ctx
 .text.zsock_listen_ctx
                0x0000000008008910       0x34 zephyr/libzephyr.a(sockets.c.obj)
                0x0000000008008910                zsock_listen_ctx
 .text.zsock_accept_ctx
                0x0000000008008944       0xb0 zephyr/libzephyr.a(sockets.c.obj)
                0x0000000008008944                zsock_accept_ctx
 .text.zsock_sendto_ctx
                0x00000000080089f4       0x88 zephyr/libzephyr.a(sockets.c.obj)
                0x00000000080089f4                zsock_sendto_ctx
 .text.z_impl_zsock_poll
                0x0000000008008a7c      0x12c zephyr/libzephyr.a(sockets.c.obj)
                0x0000000008008a7c                z_impl_zsock_poll
 .text.console_out
                0x0000000008008ba8       0x28 zephyr/libzephyr.a(uart_console.c.obj)
 .text.uart_console_hook_install
                0x0000000008008bd0       0x18 zephyr/libzephyr.a(uart_console.c.obj)
                0x0000000008008bd0                uart_console_hook_install
 .text.uart_console_init
                0x0000000008008be8       0x1c zephyr/libzephyr.a(uart_console.c.obj)
 .text.__stm32_exti_isr
                0x0000000008008c04       0x40 zephyr/libzephyr.a(exti_stm32.c.obj)
 .text.stm32_exti_enable
                0x0000000008008c44       0x30 zephyr/libzephyr.a(exti_stm32.c.obj)
                0x0000000008008c44                stm32_exti_enable
 .text.stm32_exti_disable
                0x0000000008008c74       0x18 zephyr/libzephyr.a(exti_stm32.c.obj)
                0x0000000008008c74                stm32_exti_disable
 .text.stm32_exti_trigger
                0x0000000008008c8c       0x30 zephyr/libzephyr.a(exti_stm32.c.obj)
                0x0000000008008c8c                stm32_exti_trigger
 .text.stm32_exti_set_callback
                0x0000000008008cbc       0x24 zephyr/libzephyr.a(exti_stm32.c.obj)
                0x0000000008008cbc                stm32_exti_set_callback
 .text.stm32_exti_unset_callback
                0x0000000008008ce0       0x18 zephyr/libzephyr.a(exti_stm32.c.obj)
                0x0000000008008ce0                stm32_exti_unset_callback
 .text.stm32_clock_control_on
                0x0000000008008cf8       0x58 zephyr/libzephyr.a(clock_stm32_ll_common.c.obj)
 .text.stm32_clock_control_off
                0x0000000008008d50       0x44 zephyr/libzephyr.a(clock_stm32_ll_common.c.obj)
 .text.stm32_clock_control_get_subsys_rate
                0x0000000008008d94       0x24 zephyr/libzephyr.a(clock_stm32_ll_common.c.obj)
 .text.stm32_clock_control_init
                0x0000000008008db8       0x78 zephyr/libzephyr.a(clock_stm32_ll_common.c.obj)
 .text.z_pinmux_stm32_set
                0x0000000008008e30       0x58 zephyr/libzephyr.a(pinmux_stm32.c.obj)
                0x0000000008008e30                z_pinmux_stm32_set
 .text.stm32_setup_pins
                0x0000000008008e88       0x30 zephyr/libzephyr.a(pinmux_stm32.c.obj)
                0x0000000008008e88                stm32_setup_pins
 .text.eth_enc28j60_read_mem.isra.10
                0x0000000008008eb8       0xbc zephyr/libzephyr.a(eth_enc28j60.c.obj)
 .text.eth_enc28j60_write_mem.isra.11
                0x0000000008008f74       0xa8 zephyr/libzephyr.a(eth_enc28j60.c.obj)
 .text.eth_enc28j60_rx_thread
                0x000000000800901c      0x224 zephyr/libzephyr.a(eth_enc28j60.c.obj)
 .text.eth_enc28j60_tx
                0x0000000008009240      0x15c zephyr/libzephyr.a(eth_enc28j60.c.obj)
 .text.eth_enc28j60_init
                0x000000000800939c      0x434 zephyr/libzephyr.a(eth_enc28j60.c.obj)
 .text.elapsed  0x00000000080097d0       0x3c zephyr/libzephyr.a(cortex_m_systick.c.obj)
 .text.z_clock_isr
                0x000000000800980c       0x44 zephyr/libzephyr.a(cortex_m_systick.c.obj)
                0x000000000800980c                z_clock_isr
 .text.z_clock_driver_init
                0x0000000008009850       0x38 zephyr/libzephyr.a(cortex_m_systick.c.obj)
                0x0000000008009850                z_clock_driver_init
 .text.z_clock_set_timeout
                0x0000000008009888       0xc8 zephyr/libzephyr.a(cortex_m_systick.c.obj)
                0x0000000008009888                z_clock_set_timeout
 .text.z_clock_elapsed
                0x0000000008009950       0x3c zephyr/libzephyr.a(cortex_m_systick.c.obj)
                0x0000000008009950                z_clock_elapsed
 .text.z_timer_cycle_get_32
                0x000000000800998c       0x2c zephyr/libzephyr.a(cortex_m_systick.c.obj)
                0x000000000800998c                z_timer_cycle_get_32
 .text._HandlerModeExit
                0x00000000080099b8       0x1c zephyr/arch/arch/arm/core/libarch__arm__core.a(exc_exit.S.obj)
                0x00000000080099b8                z_arm_exc_exit
                0x00000000080099b8                z_arm_int_exit
 .text.arch_swap
                0x00000000080099d4       0x34 zephyr/arch/arch/arm/core/libarch__arm__core.a(swap.c.obj)
                0x00000000080099d4                arch_swap
 .text.z_arm_pendsv
                0x0000000008009a08       0x48 zephyr/arch/arch/arm/core/libarch__arm__core.a(swap_helper.S.obj)
                0x0000000008009a08                z_arm_pendsv
 .text.z_arm_svc
                0x0000000008009a50       0x20 zephyr/arch/arch/arm/core/libarch__arm__core.a(swap_helper.S.obj)
                0x0000000008009a50                z_arm_svc
 .text.arch_irq_enable
                0x0000000008009a70       0x20 zephyr/arch/arch/arm/core/libarch__arm__core.a(irq_manage.c.obj)
                0x0000000008009a70                arch_irq_enable
 .text.z_arm_irq_priority_set
                0x0000000008009a90       0x30 zephyr/arch/arch/arm/core/libarch__arm__core.a(irq_manage.c.obj)
                0x0000000008009a90                z_arm_irq_priority_set
 .text.arch_new_thread
                0x0000000008009ac0       0x44 zephyr/arch/arch/arm/core/libarch__arm__core.a(thread.c.obj)
                0x0000000008009ac0                arch_new_thread
 .text.arch_switch_to_main_thread
                0x0000000008009b04       0x30 zephyr/arch/arch/arm/core/libarch__arm__core.a(thread.c.obj)
                0x0000000008009b04                arch_switch_to_main_thread
 .text.z_arm_cpu_idle_init
                0x0000000008009b34        0xc zephyr/arch/arch/arm/core/libarch__arm__core.a(cpu_idle.S.obj)
                0x0000000008009b34                z_arm_cpu_idle_init
 .text.arch_cpu_idle
                0x0000000008009b40        0xc zephyr/arch/arch/arm/core/libarch__arm__core.a(cpu_idle.S.obj)
                0x0000000008009b40                arch_cpu_idle
 .text.__fault  0x0000000008009b4c       0x14 zephyr/arch/arch/arm/core/libarch__arm__core.a(fault_s.S.obj)
                0x0000000008009b4c                z_arm_bus_fault
                0x0000000008009b4c                z_arm_usage_fault
                0x0000000008009b4c                z_arm_mpu_fault
                0x0000000008009b4c                z_arm_reserved
                0x0000000008009b4c                z_arm_debug_monitor
                0x0000000008009b4c                z_arm_hard_fault
 .text.z_arm_fatal_error
                0x0000000008009b60       0xc0 zephyr/arch/arch/arm/core/libarch__arm__core.a(fatal.c.obj)
                0x0000000008009b60                z_arm_fatal_error
 .text.z_SysNmiOnReset
                0x0000000008009c20        0x8 zephyr/arch/arch/arm/core/libarch__arm__core.a(nmi_on_reset.S.obj)
                0x0000000008009c20                z_SysNmiOnReset
 .text.z_arm_prep_c
                0x0000000008009c28       0x54 zephyr/arch/arch/arm/core/libarch__arm__core.a(prep_c.c.obj)
                0x0000000008009c28                z_arm_prep_c
 .text._isr_wrapper
                0x0000000008009c7c       0x28 zephyr/arch/arch/arm/core/libarch__arm__core.a(isr_wrapper.S.obj)
                0x0000000008009c7c                _isr_wrapper
 .text._reset_section
                0x0000000008009ca4       0x2c zephyr/arch/arch/arm/core/cortex_m/libarch__arm__core__cortex_m.a(reset.S.obj)
                0x0000000008009ca4                z_arm_reset
                0x0000000008009ca4                __start
 .text.usage_fault.isra.2
                0x0000000008009cd0      0x160 zephyr/arch/arch/arm/core/cortex_m/libarch__arm__core__cortex_m.a(fault.c.obj)
 .text.mem_manage_fault.isra.4
                0x0000000008009e30      0x174 zephyr/arch/arch/arm/core/cortex_m/libarch__arm__core__cortex_m.a(fault.c.obj)
 .text.bus_fault.isra.5
                0x0000000008009fa4      0x19c zephyr/arch/arch/arm/core/cortex_m/libarch__arm__core__cortex_m.a(fault.c.obj)
 .text.z_arm_fault
                0x000000000800a140      0x22c zephyr/arch/arch/arm/core/cortex_m/libarch__arm__core__cortex_m.a(fault.c.obj)
                0x000000000800a140                z_arm_fault
 .text.z_arm_fault_init
                0x000000000800a36c       0x10 zephyr/arch/arch/arm/core/cortex_m/libarch__arm__core__cortex_m.a(fault.c.obj)
                0x000000000800a36c                z_arm_fault_init
 .text.z_arm_int_lib_init
                0x000000000800a37c       0x18 zephyr/arch/arch/arm/core/cortex_m/libarch__arm__core__cortex_m.a(irq_init.c.obj)
                0x000000000800a37c                z_arm_int_lib_init
 .text.z_impl_k_thread_abort
                0x000000000800a394       0x4c zephyr/arch/arch/arm/core/cortex_m/libarch__arm__core__cortex_m.a(thread_abort.c.obj)
                0x000000000800a394                z_impl_k_thread_abort
 .text.__stdout_hook_install
                0x000000000800a3e0        0xc zephyr/lib/libc/newlib/liblib__libc__newlib.a(libc-hooks.c.obj)
                0x000000000800a3e0                __stdout_hook_install
 .text.z_impl_zephyr_read_stdin
                0x000000000800a3ec       0x28 zephyr/lib/libc/newlib/liblib__libc__newlib.a(libc-hooks.c.obj)
                0x000000000800a3ec                z_impl_zephyr_read_stdin
 .text.z_impl_zephyr_write_stdout
                0x000000000800a414       0x30 zephyr/lib/libc/newlib/liblib__libc__newlib.a(libc-hooks.c.obj)
                0x000000000800a414                z_impl_zephyr_write_stdout
 .text._exit    0x000000000800a444       0x10 zephyr/lib/libc/newlib/liblib__libc__newlib.a(libc-hooks.c.obj)
                0x000000000800a444                _exit
 .text._sbrk    0x000000000800a454       0x40 zephyr/lib/libc/newlib/liblib__libc__newlib.a(libc-hooks.c.obj)
                0x000000000800a454                _sbrk
                0x000000000800a454                sbrk
 .text.pinmux_stm32_init
                0x000000000800a494       0x14 zephyr/boards/arm/stm32f3_disco/libboards__arm__stm32f3_disco.a(pinmux.c.obj)
 .text.net_buf_id
                0x000000000800a4a8       0x1c zephyr/subsys/net/libsubsys__net.a(buf.c.obj)
                0x000000000800a4a8                net_buf_id
 .text.fixed_data_alloc
                0x000000000800a4c4       0x2c zephyr/subsys/net/libsubsys__net.a(buf.c.obj)
 .text.net_buf_alloc_len
                0x000000000800a4f0       0xe4 zephyr/subsys/net/libsubsys__net.a(buf.c.obj)
                0x000000000800a4f0                net_buf_alloc_len
 .text.net_buf_unref
                0x000000000800a5d4       0x5c zephyr/subsys/net/libsubsys__net.a(buf.c.obj)
                0x000000000800a5d4                net_buf_unref
 .text.ethernet_send
                0x000000000800a630       0xf4 zephyr/subsys/net/l2/ethernet/libsubsys__net__l2__ethernet.a(ethernet.c.obj)
 .text.net_recv_data
                0x000000000800a724       0x74 zephyr/subsys/net/ip/libsubsys__net__ip.a(net_core.c.obj)
                0x000000000800a724                net_recv_data
 .text.k_delayed_work_submit
                0x000000000800a798       0x10 zephyr/subsys/net/ip/libsubsys__net__ip.a(net_if.c.obj)
 .text.address_lifetime_timeout
                0x000000000800a7a8       0xdc zephyr/subsys/net/ip/libsubsys__net__ip.a(net_if.c.obj)
 .text.net_if_ipv6_start_dad
                0x000000000800a884       0x64 zephyr/subsys/net/ip/libsubsys__net__ip.a(net_if.c.obj)
 .text.net_if_ipv6_get_best_match.isra.17
                0x000000000800a8e8       0xac zephyr/subsys/net/ip/libsubsys__net__ip.a(net_if.c.obj)
 .text.iface_router_run_timer
                0x000000000800a994       0x68 zephyr/subsys/net/ip/libsubsys__net__ip.a(net_if.c.obj)
 .text.iface_router_expired
                0x000000000800a9fc       0x90 zephyr/subsys/net/ip/libsubsys__net__ip.a(net_if.c.obj)
 .text.net_if_queue_tx
                0x000000000800aa8c       0x24 zephyr/subsys/net/ip/libsubsys__net__ip.a(net_if.c.obj)
                0x000000000800aa8c                net_if_queue_tx
 .text.net_if_get_first_by_type
                0x000000000800aab0       0x28 zephyr/subsys/net/ip/libsubsys__net__ip.a(net_if.c.obj)
                0x000000000800aab0                net_if_get_first_by_type
 .text.net_if_get_default
                0x000000000800aad8       0x28 zephyr/subsys/net/ip/libsubsys__net__ip.a(net_if.c.obj)
                0x000000000800aad8                net_if_get_default
 .text.net_if_config_ipv6_get
                0x000000000800ab00       0x38 zephyr/subsys/net/ip/libsubsys__net__ip.a(net_if.c.obj)
                0x000000000800ab00                net_if_config_ipv6_get
 .text.net_if_start_rs
                0x000000000800ab38       0x4c zephyr/subsys/net/ip/libsubsys__net__ip.a(net_if.c.obj)
                0x000000000800ab38                net_if_start_rs
 .text.rs_timeout
                0x000000000800ab84       0xa0 zephyr/subsys/net/ip/libsubsys__net__ip.a(net_if.c.obj)
 .text.net_if_stop_rs
                0x000000000800ac24       0x14 zephyr/subsys/net/ip/libsubsys__net__ip.a(net_if.c.obj)
                0x000000000800ac24                net_if_stop_rs
 .text.net_if_ipv6_addr_lookup
                0x000000000800ac38       0x70 zephyr/subsys/net/ip/libsubsys__net__ip.a(net_if.c.obj)
                0x000000000800ac38                net_if_ipv6_addr_lookup
 .text.dad_timeout
                0x000000000800aca8       0x9c zephyr/subsys/net/ip/libsubsys__net__ip.a(net_if.c.obj)
 .text.net_if_ipv6_addr_update_lifetime
                0x000000000800ad44       0x88 zephyr/subsys/net/ip/libsubsys__net__ip.a(net_if.c.obj)
                0x000000000800ad44                net_if_ipv6_addr_update_lifetime
 .text.net_if_ipv6_addr_add
                0x000000000800adcc      0x260 zephyr/subsys/net/ip/libsubsys__net__ip.a(net_if.c.obj)
                0x000000000800adcc                net_if_ipv6_addr_add
 .text.net_if_start_dad
                0x000000000800b02c      0x168 zephyr/subsys/net/ip/libsubsys__net__ip.a(net_if.c.obj)
                0x000000000800b02c                net_if_start_dad
 .text.net_if_ipv6_maddr_add
                0x000000000800b194       0x8c zephyr/subsys/net/ip/libsubsys__net__ip.a(net_if.c.obj)
                0x000000000800b194                net_if_ipv6_maddr_add
 .text.net_if_ipv6_maddr_rm
                0x000000000800b220       0x64 zephyr/subsys/net/ip/libsubsys__net__ip.a(net_if.c.obj)
                0x000000000800b220                net_if_ipv6_maddr_rm
 .text.net_if_ipv6_addr_rm
                0x000000000800b284       0xe0 zephyr/subsys/net/ip/libsubsys__net__ip.a(net_if.c.obj)
                0x000000000800b284                net_if_ipv6_addr_rm
 .text.net_if_ipv6_dad_failed
                0x000000000800b364       0x80 zephyr/subsys/net/ip/libsubsys__net__ip.a(net_if.c.obj)
                0x000000000800b364                net_if_ipv6_dad_failed
 .text.prefix_lifetime_timeout
                0x000000000800b3e4       0xdc zephyr/subsys/net/ip/libsubsys__net__ip.a(net_if.c.obj)
 .text.net_if_ipv6_maddr_lookup
                0x000000000800b4c0       0x7c zephyr/subsys/net/ip/libsubsys__net__ip.a(net_if.c.obj)
                0x000000000800b4c0                net_if_ipv6_maddr_lookup
 .text.net_if_mcast_monitor
                0x000000000800b53c       0x30 zephyr/subsys/net/ip/libsubsys__net__ip.a(net_if.c.obj)
                0x000000000800b53c                net_if_mcast_monitor
 .text.net_if_ipv6_prefix_add
                0x000000000800b56c      0x114 zephyr/subsys/net/ip/libsubsys__net__ip.a(net_if.c.obj)
                0x000000000800b56c                net_if_ipv6_prefix_add
 .text.net_if_ipv6_addr_onlink
                0x000000000800b680       0x70 zephyr/subsys/net/ip/libsubsys__net__ip.a(net_if.c.obj)
                0x000000000800b680                net_if_ipv6_addr_onlink
 .text.net_if_ipv6_prefix_set_timer
                0x000000000800b6f0       0x84 zephyr/subsys/net/ip/libsubsys__net__ip.a(net_if.c.obj)
                0x000000000800b6f0                net_if_ipv6_prefix_set_timer
 .text.net_if_ipv6_prefix_unset_timer
                0x000000000800b774       0x1c zephyr/subsys/net/ip/libsubsys__net__ip.a(net_if.c.obj)
                0x000000000800b774                net_if_ipv6_prefix_unset_timer
 .text.net_if_ipv6_prefix_rm
                0x000000000800b790       0x94 zephyr/subsys/net/ip/libsubsys__net__ip.a(net_if.c.obj)
                0x000000000800b790                net_if_ipv6_prefix_rm
 .text.net_if_ipv6_router_lookup
                0x000000000800b824       0x44 zephyr/subsys/net/ip/libsubsys__net__ip.a(net_if.c.obj)
                0x000000000800b824                net_if_ipv6_router_lookup
 .text.net_if_ipv6_router_find_default
                0x000000000800b868       0x34 zephyr/subsys/net/ip/libsubsys__net__ip.a(net_if.c.obj)
                0x000000000800b868                net_if_ipv6_router_find_default
 .text.net_if_ipv6_router_add
                0x000000000800b89c       0x88 zephyr/subsys/net/ip/libsubsys__net__ip.a(net_if.c.obj)
                0x000000000800b89c                net_if_ipv6_router_add
 .text.net_if_ipv6_router_rm
                0x000000000800b924       0x4c zephyr/subsys/net/ip/libsubsys__net__ip.a(net_if.c.obj)
                0x000000000800b924                net_if_ipv6_router_rm
 .text.net_if_ipv6_select_src_addr
                0x000000000800b970       0x84 zephyr/subsys/net/ip/libsubsys__net__ip.a(net_if.c.obj)
                0x000000000800b970                net_if_ipv6_select_src_addr
 .text.net_if_call_link_cb
                0x000000000800b9f4       0x28 zephyr/subsys/net/ip/libsubsys__net__ip.a(net_if.c.obj)
                0x000000000800b9f4                net_if_call_link_cb
 .text.process_tx_packet
                0x000000000800ba1c       0x8c zephyr/subsys/net/ip/libsubsys__net__ip.a(net_if.c.obj)
 .text.net_if_send_data
                0x000000000800baa8       0xbc zephyr/subsys/net/ip/libsubsys__net__ip.a(net_if.c.obj)
                0x000000000800baa8                net_if_send_data
 .text.net_if_need_calc_tx_checksum
                0x000000000800bb64       0x24 zephyr/subsys/net/ip/libsubsys__net__ip.a(net_if.c.obj)
                0x000000000800bb64                net_if_need_calc_tx_checksum
 .text.net_if_need_calc_rx_checksum
                0x000000000800bb88       0x24 zephyr/subsys/net/ip/libsubsys__net__ip.a(net_if.c.obj)
                0x000000000800bb88                net_if_need_calc_rx_checksum
 .text.net_if_get_by_index
                0x000000000800bbac       0x24 zephyr/subsys/net/ip/libsubsys__net__ip.a(net_if.c.obj)
                0x000000000800bbac                net_if_get_by_index
 .text.net_if_get_by_iface
                0x000000000800bbd0       0x24 zephyr/subsys/net/ip/libsubsys__net__ip.a(net_if.c.obj)
                0x000000000800bbd0                net_if_get_by_iface
 .text.net_if_foreach
                0x000000000800bbf4       0x24 zephyr/subsys/net/ip/libsubsys__net__ip.a(net_if.c.obj)
                0x000000000800bbf4                net_if_foreach
 .text.net_if_up
                0x000000000800bc18       0x70 zephyr/subsys/net/ip/libsubsys__net__ip.a(net_if.c.obj)
                0x000000000800bc18                net_if_up
 .text.net_if_down
                0x000000000800bc88       0x80 zephyr/subsys/net/ip/libsubsys__net__ip.a(net_if.c.obj)
                0x000000000800bc88                net_if_down
 .text.net_if_init
                0x000000000800bd08      0x198 zephyr/subsys/net/ip/libsubsys__net__ip.a(net_if.c.obj)
                0x000000000800bd08                net_if_init
 .text.net_if_post_init
                0x000000000800bea0       0x2c zephyr/subsys/net/ip/libsubsys__net__ip.a(net_if.c.obj)
                0x000000000800bea0                net_if_post_init
 .text.net_sprint_ll_addr_buf
                0x000000000800becc       0x54 zephyr/subsys/net/ip/libsubsys__net__ip.a(utils.c.obj)
                0x000000000800becc                net_sprint_ll_addr_buf
 .text.z_impl_net_addr_ntop
                0x000000000800bf20      0x1b4 zephyr/subsys/net/ip/libsubsys__net__ip.a(utils.c.obj)
                0x000000000800bf20                z_impl_net_addr_ntop
 .text.net_sprint_addr
                0x000000000800c0d4       0x30 zephyr/subsys/net/ip/libsubsys__net__ip.a(utils.c.obj)
                0x000000000800c0d4                net_sprint_addr
 .text.net_ipv6_unspecified_address
                0x000000000800c104        0x8 zephyr/subsys/net/ip/libsubsys__net__ip.a(utils.c.obj)
                0x000000000800c104                net_ipv6_unspecified_address
 .text.mgmt_thread
                0x000000000800c10c      0x124 zephyr/subsys/net/ip/libsubsys__net__ip.a(net_mgmt.c.obj)
 .text.net_mgmt_add_event_callback
                0x000000000800c230       0x3c zephyr/subsys/net/ip/libsubsys__net__ip.a(net_mgmt.c.obj)
                0x000000000800c230                net_mgmt_add_event_callback
 .text.net_mgmt_del_event_callback
                0x000000000800c26c       0x70 zephyr/subsys/net/ip/libsubsys__net__ip.a(net_mgmt.c.obj)
                0x000000000800c26c                net_mgmt_del_event_callback
 .text.net_mgmt_event_notify_with_info
                0x000000000800c2dc       0xa0 zephyr/subsys/net/ip/libsubsys__net__ip.a(net_mgmt.c.obj)
                0x000000000800c2dc                net_mgmt_event_notify_with_info
 .text.net_mgmt_event_init
                0x000000000800c37c       0x78 zephyr/subsys/net/ip/libsubsys__net__ip.a(net_mgmt.c.obj)
                0x000000000800c37c                net_mgmt_event_init
 .text.check_used_port
                0x000000000800c3f4       0x54 zephyr/subsys/net/ip/libsubsys__net__ip.a(net_context.c.obj)
 .text.find_available_port
                0x000000000800c448       0x2c zephyr/subsys/net/ip/libsubsys__net__ip.a(net_context.c.obj)
 .text.net_context_packet_received
                0x000000000800c474       0x9c zephyr/subsys/net/ip/libsubsys__net__ip.a(net_context.c.obj)
                0x000000000800c474                net_context_packet_received
 .text.net_context_get
                0x000000000800c510      0x17c zephyr/subsys/net/ip/libsubsys__net__ip.a(net_context.c.obj)
                0x000000000800c510                net_context_get
 .text.net_context_put
                0x000000000800c68c       0x40 zephyr/subsys/net/ip/libsubsys__net__ip.a(net_context.c.obj)
                0x000000000800c68c                net_context_put
 .text.net_context_bind
                0x000000000800c6cc      0x114 zephyr/subsys/net/ip/libsubsys__net__ip.a(net_context.c.obj)
                0x000000000800c6cc                net_context_bind
 .text.net_context_recv
                0x000000000800c7e0      0x11c zephyr/subsys/net/ip/libsubsys__net__ip.a(net_context.c.obj)
                0x000000000800c7e0                net_context_recv
 .text.net_context_foreach
                0x000000000800c8fc       0x50 zephyr/subsys/net/ip/libsubsys__net__ip.a(net_context.c.obj)
                0x000000000800c8fc                net_context_foreach
 .text.net_context_init
                0x000000000800c94c       0x10 zephyr/subsys/net/ip/libsubsys__net__ip.a(net_context.c.obj)
                0x000000000800c94c                net_context_init
 .text.net_pkt_get_reserve_rx_data
                0x000000000800c95c        0xc zephyr/subsys/net/ip/libsubsys__net__ip.a(net_pkt.c.obj)
                0x000000000800c95c                net_pkt_get_reserve_rx_data
 .text.net_pkt_get_reserve_tx_data
                0x000000000800c968        0xc zephyr/subsys/net/ip/libsubsys__net__ip.a(net_pkt.c.obj)
                0x000000000800c968                net_pkt_get_reserve_tx_data
 .text.net_pkt_get_frag
                0x000000000800c974       0x18 zephyr/subsys/net/ip/libsubsys__net__ip.a(net_pkt.c.obj)
                0x000000000800c974                net_pkt_get_frag
 .text.net_pkt_get_info
                0x000000000800c98c       0x2c zephyr/subsys/net/ip/libsubsys__net__ip.a(net_pkt.c.obj)
                0x000000000800c98c                net_pkt_get_info
 .text.net_pkt_alloc_buffer
                0x000000000800c9b8      0x194 zephyr/subsys/net/ip/libsubsys__net__ip.a(net_pkt.c.obj)
                0x000000000800c9b8                net_pkt_alloc_buffer
 .text.net_pkt_alloc_with_buffer
                0x000000000800cb4c       0x1c zephyr/subsys/net/ip/libsubsys__net__ip.a(net_pkt.c.obj)
                0x000000000800cb4c                net_pkt_alloc_with_buffer
 .text.net_pkt_rx_alloc_with_buffer
                0x000000000800cb68       0x1c zephyr/subsys/net/ip/libsubsys__net__ip.a(net_pkt.c.obj)
                0x000000000800cb68                net_pkt_rx_alloc_with_buffer
 .text.net_pkt_get_data
                0x000000000800cb84       0x7c zephyr/subsys/net/ip/libsubsys__net__ip.a(net_pkt.c.obj)
                0x000000000800cb84                net_pkt_get_data
 .text.net_tc_submit_to_tx_queue
                0x000000000800cc00       0x14 zephyr/subsys/net/ip/libsubsys__net__ip.a(net_tc.c.obj)
                0x000000000800cc00                net_tc_submit_to_tx_queue
 .text.net_tc_submit_to_rx_queue
                0x000000000800cc14       0x14 zephyr/subsys/net/ip/libsubsys__net__ip.a(net_tc.c.obj)
                0x000000000800cc14                net_tc_submit_to_rx_queue
 .text.net_tx_priority2tc
                0x000000000800cc28       0x10 zephyr/subsys/net/ip/libsubsys__net__ip.a(net_tc.c.obj)
                0x000000000800cc28                net_tx_priority2tc
 .text.net_tc_tx_init
                0x000000000800cc38       0x40 zephyr/subsys/net/ip/libsubsys__net__ip.a(net_tc.c.obj)
                0x000000000800cc38                net_tc_tx_init
 .text.net_tc_rx_init
                0x000000000800cc78       0x40 zephyr/subsys/net/ip/libsubsys__net__ip.a(net_tc.c.obj)
                0x000000000800cc78                net_tc_rx_init
 .text.net_icmpv6_register_handler
                0x000000000800ccb8       0x14 zephyr/subsys/net/ip/libsubsys__net__ip.a(icmpv6.c.obj)
                0x000000000800ccb8                net_icmpv6_register_handler
 .text.net_icmpv6_unregister_handler
                0x000000000800cccc       0x38 zephyr/subsys/net/ip/libsubsys__net__ip.a(icmpv6.c.obj)
                0x000000000800cccc                net_icmpv6_unregister_handler
 .text.net_icmpv6_input
                0x000000000800cd04       0x64 zephyr/subsys/net/ip/libsubsys__net__ip.a(icmpv6.c.obj)
                0x000000000800cd04                net_icmpv6_input
 .text.net_icmpv6_init
                0x000000000800cd68        0xc zephyr/subsys/net/ip/libsubsys__net__ip.a(icmpv6.c.obj)
                0x000000000800cd68                net_icmpv6_init
 .text.net_nbr_link
                0x000000000800cd74       0xb4 zephyr/subsys/net/ip/libsubsys__net__ip.a(nbr.c.obj)
                0x000000000800cd74                net_nbr_link
 .text.net_nbr_unlink
                0x000000000800ce28       0x40 zephyr/subsys/net/ip/libsubsys__net__ip.a(nbr.c.obj)
                0x000000000800ce28                net_nbr_unlink
 .text.net_nbr_get_lladdr
                0x000000000800ce68       0x10 zephyr/subsys/net/ip/libsubsys__net__ip.a(nbr.c.obj)
                0x000000000800ce68                net_nbr_get_lladdr
 .text.net_ipv6_input
                0x000000000800ce78      0x310 zephyr/subsys/net/ip/libsubsys__net__ip.a(ipv6.c.obj)
                0x000000000800ce78                net_ipv6_input
 .text.iface_cb
                0x000000000800d188       0x2c zephyr/subsys/net/ip/libsubsys__net__ip.a(ipv6_nbr.c.obj)
 .text.nbr_lookup.isra.16
                0x000000000800d1b4       0x44 zephyr/subsys/net/ip/libsubsys__net__ip.a(ipv6_nbr.c.obj)
 .text.dad_failed
                0x000000000800d1f8       0x50 zephyr/subsys/net/ip/libsubsys__net__ip.a(ipv6_nbr.c.obj)
 .text.dbg_update_neighbor_lladdr.isra.18
                0x000000000800d248       0x28 zephyr/subsys/net/ip/libsubsys__net__ip.a(ipv6_nbr.c.obj)
 .text.ipv6_nbr_set_state
                0x000000000800d270       0x80 zephyr/subsys/net/ip/libsubsys__net__ip.a(ipv6_nbr.c.obj)
 .text.ipv6_nd_restart_reachable_timer
                0x000000000800d2f0       0x50 zephyr/subsys/net/ip/libsubsys__net__ip.a(ipv6_nbr.c.obj)
 .text.ipv6_ns_reply_timeout
                0x000000000800d340       0xa4 zephyr/subsys/net/ip/libsubsys__net__ip.a(ipv6_nbr.c.obj)
 .text.net_ipv6_nbr_state2str
                0x000000000800d3e4       0x18 zephyr/subsys/net/ip/libsubsys__net__ip.a(ipv6_nbr.c.obj)
                0x000000000800d3e4                net_ipv6_nbr_state2str
 .text.net_ipv6_nbr_foreach
                0x000000000800d3fc       0x18 zephyr/subsys/net/ip/libsubsys__net__ip.a(ipv6_nbr.c.obj)
                0x000000000800d3fc                net_ipv6_nbr_foreach
 .text.net_ipv6_nbr_rm
                0x000000000800d414       0x30 zephyr/subsys/net/ip/libsubsys__net__ip.a(ipv6_nbr.c.obj)
                0x000000000800d414                net_ipv6_nbr_rm
 .text.add_nbr  0x000000000800d444       0xb4 zephyr/subsys/net/ip/libsubsys__net__ip.a(ipv6_nbr.c.obj)
 .text.handle_na_input
                0x000000000800d4f8      0x2e4 zephyr/subsys/net/ip/libsubsys__net__ip.a(ipv6_nbr.c.obj)
 .text.net_ipv6_send_ns
                0x000000000800d7dc      0x1f4 zephyr/subsys/net/ip/libsubsys__net__ip.a(ipv6_nbr.c.obj)
                0x000000000800d7dc                net_ipv6_send_ns
 .text.net_ipv6_nbr_add
                0x000000000800d9d0       0xf4 zephyr/subsys/net/ip/libsubsys__net__ip.a(ipv6_nbr.c.obj)
                0x000000000800d9d0                net_ipv6_nbr_add
 .text.handle_ra_input
                0x000000000800dac4      0x4c8 zephyr/subsys/net/ip/libsubsys__net__ip.a(ipv6_nbr.c.obj)
 .text.handle_ns_input
                0x000000000800df8c      0x35c zephyr/subsys/net/ip/libsubsys__net__ip.a(ipv6_nbr.c.obj)
 .text.ipv6_nd_reachable_timeout
                0x000000000800e2e8       0xec zephyr/subsys/net/ip/libsubsys__net__ip.a(ipv6_nbr.c.obj)
 .text.net_ipv6_nbr_init
                0x000000000800e3d4       0x54 zephyr/subsys/net/ip/libsubsys__net__ip.a(ipv6_nbr.c.obj)
                0x000000000800e3d4                net_ipv6_nbr_init
 .text.net_ipv6_mld_join
                0x000000000800e428       0x68 zephyr/subsys/net/ip/libsubsys__net__ip.a(ipv6_mld.c.obj)
                0x000000000800e428                net_ipv6_mld_join
 .text.net_ipv6_mld_leave
                0x000000000800e490       0x58 zephyr/subsys/net/ip/libsubsys__net__ip.a(ipv6_mld.c.obj)
                0x000000000800e490                net_ipv6_mld_leave
 .text.net_ipv6_mld_init
                0x000000000800e4e8        0xc zephyr/subsys/net/ip/libsubsys__net__ip.a(ipv6_mld.c.obj)
                0x000000000800e4e8                net_ipv6_mld_init
 .text.sys_slist_find_and_remove.constprop.11
                0x000000000800e4f4       0x3c zephyr/subsys/net/ip/libsubsys__net__ip.a(route.c.obj)
 .text.net_route_get_nbr
                0x000000000800e530       0x2c zephyr/subsys/net/ip/libsubsys__net__ip.a(route.c.obj)
                0x000000000800e530                net_route_get_nbr
 .text.net_route_lookup
                0x000000000800e55c       0xac zephyr/subsys/net/ip/libsubsys__net__ip.a(route.c.obj)
                0x000000000800e55c                net_route_lookup
 .text.net_route_del
                0x000000000800e608       0x4c zephyr/subsys/net/ip/libsubsys__net__ip.a(route.c.obj)
                0x000000000800e608                net_route_del
 .text.net_route_del_by_nexthop
                0x000000000800e654       0x48 zephyr/subsys/net/ip/libsubsys__net__ip.a(route.c.obj)
                0x000000000800e654                net_route_del_by_nexthop
 .text.net_route_get_nexthop
                0x000000000800e69c       0x68 zephyr/subsys/net/ip/libsubsys__net__ip.a(route.c.obj)
                0x000000000800e69c                net_route_get_nexthop
 .text.net_route_foreach
                0x000000000800e704       0x2c zephyr/subsys/net/ip/libsubsys__net__ip.a(route.c.obj)
                0x000000000800e704                net_route_foreach
 .text.net_route_packet
                0x000000000800e730       0xc4 zephyr/subsys/net/ip/libsubsys__net__ip.a(route.c.obj)
                0x000000000800e730                net_route_packet
 .text.conn_set_unused
                0x000000000800e7f4       0x20 zephyr/subsys/net/ip/libsubsys__net__ip.a(connection.c.obj)
 .text.net_conn_register
                0x000000000800e814      0x264 zephyr/subsys/net/ip/libsubsys__net__ip.a(connection.c.obj)
                0x000000000800e814                net_conn_register
 .text.net_conn_unregister
                0x000000000800ea78       0x64 zephyr/subsys/net/ip/libsubsys__net__ip.a(connection.c.obj)
                0x000000000800ea78                net_conn_unregister
 .text.net_conn_input
                0x000000000800eadc      0x1e0 zephyr/subsys/net/ip/libsubsys__net__ip.a(connection.c.obj)
                0x000000000800eadc                net_conn_input
 .text.net_conn_init
                0x000000000800ecbc       0x34 zephyr/subsys/net/ip/libsubsys__net__ip.a(connection.c.obj)
                0x000000000800ecbc                net_conn_init
 .text.cmd_net_websocket
                0x000000000800ecf0       0x24 zephyr/subsys/net/ip/libsubsys__net__ip.a(net_shell.c.obj)
 .text.cmd_net_vlan
                0x000000000800ed14       0x24 zephyr/subsys/net/ip/libsubsys__net__ip.a(net_shell.c.obj)
 .text.cmd_net_tcp_connect
                0x000000000800ed38       0x24 zephyr/subsys/net/ip/libsubsys__net__ip.a(net_shell.c.obj)
 .text.cmd_net_stats_all
                0x000000000800ed5c       0x24 zephyr/subsys/net/ip/libsubsys__net__ip.a(net_shell.c.obj)
 .text.cmd_net_stacks
                0x000000000800ed80       0x54 zephyr/subsys/net/ip/libsubsys__net__ip.a(net_shell.c.obj)
 .text.cmd_net_ppp_status
                0x000000000800edd4       0x24 zephyr/subsys/net/ip/libsubsys__net__ip.a(net_shell.c.obj)
 .text.cmd_net_ppp_ping
                0x000000000800edf8       0x24 zephyr/subsys/net/ip/libsubsys__net__ip.a(net_shell.c.obj)
 .text.cmd_net_gptp_port
                0x000000000800ee1c       0x24 zephyr/subsys/net/ip/libsubsys__net__ip.a(net_shell.c.obj)
 .text.cmd_net_dns_query
                0x000000000800ee40       0x14 zephyr/subsys/net/ip/libsubsys__net__ip.a(net_shell.c.obj)
 .text.cmd_net_dns_cancel
                0x000000000800ee54       0x24 zephyr/subsys/net/ip/libsubsys__net__ip.a(net_shell.c.obj)
 .text.cmd_net_allocs
                0x000000000800ee78       0x24 zephyr/subsys/net/ip/libsubsys__net__ip.a(net_shell.c.obj)
 .text.cmd_net_route
                0x000000000800ee9c       0x18 zephyr/subsys/net/ip/libsubsys__net__ip.a(net_shell.c.obj)
 .text.cmd_net_ipv6
                0x000000000800eeb4       0xe8 zephyr/subsys/net/ip/libsubsys__net__ip.a(net_shell.c.obj)
 .text.nbr_address_get
                0x000000000800ef9c       0x50 zephyr/subsys/net/ip/libsubsys__net__ip.a(net_shell.c.obj)
 .text.nbr_address_cb
                0x000000000800efec       0x34 zephyr/subsys/net/ip/libsubsys__net__ip.a(net_shell.c.obj)
 .text.cmd_net_mem
                0x000000000800f020       0xb0 zephyr/subsys/net/ip/libsubsys__net__ip.a(net_shell.c.obj)
 .text.get_iface_idx
                0x000000000800f0d0       0x5c zephyr/subsys/net/ip/libsubsys__net__ip.a(net_shell.c.obj)
 .text.cmd_net_iface
                0x000000000800f12c       0x44 zephyr/subsys/net/ip/libsubsys__net__ip.a(net_shell.c.obj)
 .text.cmd_net_iface_down
                0x000000000800f170       0x5c zephyr/subsys/net/ip/libsubsys__net__ip.a(net_shell.c.obj)
 .text.cmd_net_nbr
                0x000000000800f1cc       0x30 zephyr/subsys/net/ip/libsubsys__net__ip.a(net_shell.c.obj)
 .text.cmd_net_conn
                0x000000000800f1fc       0x3c zephyr/subsys/net/ip/libsubsys__net__ip.a(net_shell.c.obj)
 .text.context_cb
                0x000000000800f238      0x128 zephyr/subsys/net/ip/libsubsys__net__ip.a(net_shell.c.obj)
 .text.cmd_net_arp_flush
                0x000000000800f360       0x24 zephyr/subsys/net/ip/libsubsys__net__ip.a(net_shell.c.obj)
 .text.cmd_net_dns
                0x000000000800f384       0x14 zephyr/subsys/net/ip/libsubsys__net__ip.a(net_shell.c.obj)
 .text.iface_cb
                0x000000000800f398      0x384 zephyr/subsys/net/ip/libsubsys__net__ip.a(net_shell.c.obj)
 .text.cmd_net_nbr_rm
                0x000000000800f71c       0x74 zephyr/subsys/net/ip/libsubsys__net__ip.a(net_shell.c.obj)
 .text.cmd_net_ping
                0x000000000800f790      0x194 zephyr/subsys/net/ip/libsubsys__net__ip.a(net_shell.c.obj)
 .text.route_cb
                0x000000000800f924       0xb4 zephyr/subsys/net/ip/libsubsys__net__ip.a(net_shell.c.obj)
 .text.iface_index_get
                0x000000000800f9d8       0x80 zephyr/subsys/net/ip/libsubsys__net__ip.a(net_shell.c.obj)
 .text.cmd_net_arp
                0x000000000800fa58       0x24 zephyr/subsys/net/ip/libsubsys__net__ip.a(net_shell.c.obj)
 .text.cmd_net_iface_up
                0x000000000800fa7c       0x78 zephyr/subsys/net/ip/libsubsys__net__ip.a(net_shell.c.obj)
 .text.nbr_cb   0x000000000800faf4      0x10c zephyr/subsys/net/ip/libsubsys__net__ip.a(net_shell.c.obj)
 .text.iface_per_route_cb
                0x000000000800fc00       0x74 zephyr/subsys/net/ip/libsubsys__net__ip.a(net_shell.c.obj)
 .text.address_lifetime_cb
                0x000000000800fc74      0x184 zephyr/subsys/net/ip/libsubsys__net__ip.a(net_shell.c.obj)
 .text.iface_up_handler
                0x000000000800fdf8       0x64 zephyr/subsys/net/lib/config/libsubsys__net__lib__config.a(init.c.obj)
 .text.ipv6_event_handler
                0x000000000800fe5c       0xfc zephyr/subsys/net/lib/config/libsubsys__net__lib__config.a(init.c.obj)
 .text.net_config_init
                0x000000000800ff58      0x270 zephyr/subsys/net/lib/config/libsubsys__net__lib__config.a(init.c.obj)
                0x000000000800ff58                net_config_init
 .text.init_app
                0x00000000080101c8       0x50 zephyr/subsys/net/lib/config/libsubsys__net__lib__config.a(init.c.obj)
 .text.sys_rand32_get
                0x0000000008010218       0x30 zephyr/subsys/random/libsubsys__random.a(rand32_timer.c.obj)
                0x0000000008010218                sys_rand32_get
 .text.gpio_stm32_init
                0x0000000008010248       0x24 zephyr/drivers/gpio/libdrivers__gpio.a(gpio_stm32.c.obj)
 .text.gpio_stm32_config
                0x000000000801026c      0x164 zephyr/drivers/gpio/libdrivers__gpio.a(gpio_stm32.c.obj)
 .text.cmd_gpio_conf
                0x00000000080103d0       0x9c zephyr/drivers/gpio/libdrivers__gpio.a(gpio_shell.c.obj)
 .text.cmd_gpio_set
                0x000000000801046c       0x84 zephyr/drivers/gpio/libdrivers__gpio.a(gpio_shell.c.obj)
 .text.cmd_gpio_get
                0x00000000080104f0       0xa4 zephyr/drivers/gpio/libdrivers__gpio.a(gpio_shell.c.obj)
 .text.msg_init
                0x0000000008010594       0xa4 zephyr/drivers/i2c/libdrivers__i2c.a(i2c_ll_stm32_v2.c.obj)
 .text.stm32_i2c_configure_timing
                0x0000000008010638       0x9c zephyr/drivers/i2c/libdrivers__i2c.a(i2c_ll_stm32_v2.c.obj)
                0x0000000008010638                stm32_i2c_configure_timing
 .text.i2c_stm32_init
                0x00000000080106d4      0x148 zephyr/drivers/i2c/libdrivers__i2c.a(i2c_ll_stm32.c.obj)
 .text.bme680_sample_fetch
                0x000000000801081c      0x2b8 zephyr/drivers/sensor/bme680/libdrivers__sensor__bme680.a(bme680.c.obj)
 .text.bme680_init
                0x0000000008010ad4      0x344 zephyr/drivers/sensor/bme680/libdrivers__sensor__bme680.a(bme680.c.obj)
 .text.lis2dh_channel_get
                0x0000000008010e18       0x54 zephyr/drivers/sensor/lis2dh/libdrivers__sensor__lis2dh.a(lis2dh.c.obj)
 .text.lis2dh_sample_fetch
                0x0000000008010e6c       0xd4 zephyr/drivers/sensor/lis2dh/libdrivers__sensor__lis2dh.a(lis2dh.c.obj)
 .text.lis2dh_init
                0x0000000008010f40      0x158 zephyr/drivers/sensor/lis2dh/libdrivers__sensor__lis2dh.a(lis2dh.c.obj)
                0x0000000008010f40                lis2dh_init
 .text.spi_stm32_init
                0x0000000008011098       0x64 zephyr/drivers/spi/libdrivers__spi.a(spi_ll_stm32.c.obj)
 .text.spi_stm32_transceive
                0x00000000080110fc      0x554 zephyr/drivers/spi/libdrivers__spi.a(spi_ll_stm32.c.obj)
 .text.uart_stm32_irq_err_enable
                0x0000000008011650       0x4c zephyr/drivers/serial/libdrivers__serial.a(uart_stm32.c.obj)
 .text.uart_stm32_irq_err_disable
                0x000000000801169c       0x4c zephyr/drivers/serial/libdrivers__serial.a(uart_stm32.c.obj)
 .text.uart_stm32_set_baudrate
                0x00000000080116e8       0x64 zephyr/drivers/serial/libdrivers__serial.a(uart_stm32.c.obj)
 .text.uart_stm32_configure
                0x000000000801174c      0x10c zephyr/drivers/serial/libdrivers__serial.a(uart_stm32.c.obj)
 .text.uart_stm32_init
                0x0000000008011858       0x94 zephyr/drivers/serial/libdrivers__serial.a(uart_stm32.c.obj)
 .text.RCC_GetHCLKClockFreq
                0x00000000080118ec       0x18 zephyr/modules/stm32/stm32cube/lib..__modules__hal__stm32__stm32cube.a(stm32f3xx_ll_rcc.c.obj)
                0x00000000080118ec                RCC_GetHCLKClockFreq
 .text.RCC_GetPCLK1ClockFreq
                0x0000000008011904       0x18 zephyr/modules/stm32/stm32cube/lib..__modules__hal__stm32__stm32cube.a(stm32f3xx_ll_rcc.c.obj)
                0x0000000008011904                RCC_GetPCLK1ClockFreq
 .text.RCC_GetPCLK2ClockFreq
                0x000000000801191c       0x18 zephyr/modules/stm32/stm32cube/lib..__modules__hal__stm32__stm32cube.a(stm32f3xx_ll_rcc.c.obj)
                0x000000000801191c                RCC_GetPCLK2ClockFreq
 .text.RCC_PLL_GetFreqDomain_SYS
                0x0000000008011934       0x44 zephyr/modules/stm32/stm32cube/lib..__modules__hal__stm32__stm32cube.a(stm32f3xx_ll_rcc.c.obj)
                0x0000000008011934                RCC_PLL_GetFreqDomain_SYS
 .text.RCC_GetSystemClockFreq
                0x0000000008011978       0x1c zephyr/modules/stm32/stm32cube/lib..__modules__hal__stm32__stm32cube.a(stm32f3xx_ll_rcc.c.obj)
                0x0000000008011978                RCC_GetSystemClockFreq
 .text.UTILS_SetFlashLatency.part.0
                0x0000000008011994       0x3c zephyr/modules/stm32/stm32cube/lib..__modules__hal__stm32__stm32cube.a(stm32f3xx_ll_utils.c.obj)
 .text.UTILS_EnablePLLAndSwitchSystem
                0x00000000080119d0       0xb4 zephyr/modules/stm32/stm32cube/lib..__modules__hal__stm32__stm32cube.a(stm32f3xx_ll_utils.c.obj)
 .text.LL_PLL_ConfigSystemClock_HSE
                0x0000000008011a84       0x80 zephyr/modules/stm32/stm32cube/lib..__modules__hal__stm32__stm32cube.a(stm32f3xx_ll_utils.c.obj)
                0x0000000008011a84                LL_PLL_ConfigSystemClock_HSE
 .text.z_sys_device_do_config_level
                0x0000000008011b04       0x34 zephyr/kernel/libkernel.a(device.c.obj)
                0x0000000008011b04                z_sys_device_do_config_level
 .text.z_impl_device_get_binding
                0x0000000008011b38       0x4c zephyr/kernel/libkernel.a(device.c.obj)
                0x0000000008011b38                z_impl_device_get_binding
 .text.z_impl_z_errno
                0x0000000008011b84        0xc zephyr/kernel/libkernel.a(errno.c.obj)
                0x0000000008011b84                z_impl_z_errno
 .text.k_sys_fatal_error_handler
                0x0000000008011b90       0x44 zephyr/kernel/libkernel.a(fatal.c.obj)
                0x0000000008011b90                k_sys_fatal_error_handler
 .text.z_fatal_error
                0x0000000008011bd4       0xec zephyr/kernel/libkernel.a(fatal.c.obj)
                0x0000000008011bd4                z_fatal_error
 .text.z_bss_zero
                0x0000000008011cc0       0x14 zephyr/kernel/libkernel.a(init.c.obj)
                0x0000000008011cc0                z_bss_zero
 .text.z_data_copy
                0x0000000008011cd4       0x34 zephyr/kernel/libkernel.a(init.c.obj)
                0x0000000008011cd4                z_data_copy
 .text.bg_thread_main
                0x0000000008011d08       0x3c zephyr/kernel/libkernel.a(init.c.obj)
 .text.z_cstart
                0x0000000008011d44      0x110 zephyr/kernel/libkernel.a(init.c.obj)
                0x0000000008011d44                z_cstart
 .text.init_mem_slab_module
                0x0000000008011e54       0x38 zephyr/kernel/libkernel.a(mem_slab.c.obj)
 .text.k_mem_slab_alloc
                0x0000000008011e8c       0x58 zephyr/kernel/libkernel.a(mem_slab.c.obj)
                0x0000000008011e8c                k_mem_slab_alloc
 .text.k_mem_slab_free
                0x0000000008011ee4       0x5c zephyr/kernel/libkernel.a(mem_slab.c.obj)
                0x0000000008011ee4                k_mem_slab_free
 .text.init_static_pools
                0x0000000008011f40       0x28 zephyr/kernel/libkernel.a(mempool.c.obj)
                0x0000000008011f40                init_static_pools
 .text.k_mem_pool_alloc
                0x0000000008011f68       0x98 zephyr/kernel/libkernel.a(mempool.c.obj)
                0x0000000008011f68                k_mem_pool_alloc
 .text.k_mem_pool_free_id
                0x0000000008012000       0x58 zephyr/kernel/libkernel.a(mempool.c.obj)
                0x0000000008012000                k_mem_pool_free_id
 .text.k_malloc
                0x0000000008012058        0xc zephyr/kernel/libkernel.a(mempool.c.obj)
                0x0000000008012058                k_malloc
 .text.z_thread_malloc
                0x0000000008012064       0x14 zephyr/kernel/libkernel.a(mempool.c.obj)
                0x0000000008012064                z_thread_malloc
 .text.z_impl_k_msgq_put
                0x0000000008012078       0xa4 zephyr/kernel/libkernel.a(msg_q.c.obj)
                0x0000000008012078                z_impl_k_msgq_put
 .text.z_impl_k_msgq_get
                0x000000000801211c       0xbc zephyr/kernel/libkernel.a(msg_q.c.obj)
                0x000000000801211c                z_impl_k_msgq_get
 .text.z_impl_k_mutex_lock
                0x00000000080121d8       0xe4 zephyr/kernel/libkernel.a(mutex.c.obj)
                0x00000000080121d8                z_impl_k_mutex_lock
 .text.z_impl_k_mutex_unlock
                0x00000000080122bc       0x80 zephyr/kernel/libkernel.a(mutex.c.obj)
                0x00000000080122bc                z_impl_k_mutex_unlock
 .text.z_reset_time_slice
                0x000000000801233c       0x2c zephyr/kernel/libkernel.a(sched.c.obj)
                0x000000000801233c                z_reset_time_slice
 .text.k_sched_time_slice_set
                0x0000000008012368       0x40 zephyr/kernel/libkernel.a(sched.c.obj)
                0x0000000008012368                k_sched_time_slice_set
 .text.k_sched_lock
                0x00000000080123a8       0x28 zephyr/kernel/libkernel.a(sched.c.obj)
                0x00000000080123a8                k_sched_lock
 .text.z_priq_dumb_remove
                0x00000000080123d0       0x2c zephyr/kernel/libkernel.a(sched.c.obj)
                0x00000000080123d0                z_priq_dumb_remove
 .text.update_cache
                0x00000000080123fc       0x3c zephyr/kernel/libkernel.a(sched.c.obj)
 .text.k_sched_unlock
                0x0000000008012438       0x38 zephyr/kernel/libkernel.a(sched.c.obj)
                0x0000000008012438                k_sched_unlock
 .text.z_add_thread_to_ready_q
                0x0000000008012470       0x6c zephyr/kernel/libkernel.a(sched.c.obj)
                0x0000000008012470                z_add_thread_to_ready_q
 .text.z_move_thread_to_end_of_prio_q
                0x00000000080124dc       0x84 zephyr/kernel/libkernel.a(sched.c.obj)
                0x00000000080124dc                z_move_thread_to_end_of_prio_q
 .text.z_time_slice
                0x0000000008012560       0x6c zephyr/kernel/libkernel.a(sched.c.obj)
                0x0000000008012560                z_time_slice
 .text.z_remove_thread_from_ready_q
                0x00000000080125cc       0x4c zephyr/kernel/libkernel.a(sched.c.obj)
                0x00000000080125cc                z_remove_thread_from_ready_q
 .text.pend     0x0000000008012618       0x74 zephyr/kernel/libkernel.a(sched.c.obj)
 .text.z_pend_curr_irqlock
                0x000000000801268c       0x48 zephyr/kernel/libkernel.a(sched.c.obj)
                0x000000000801268c                z_pend_curr_irqlock
 .text.z_pend_curr
                0x00000000080126d4       0x28 zephyr/kernel/libkernel.a(sched.c.obj)
                0x00000000080126d4                z_pend_curr
 .text.z_tick_sleep.part.19
                0x00000000080126fc       0x5c zephyr/kernel/libkernel.a(sched.c.obj)
 .text.z_set_prio
                0x0000000008012758       0x84 zephyr/kernel/libkernel.a(sched.c.obj)
                0x0000000008012758                z_set_prio
 .text.z_sched_init
                0x00000000080127dc       0x18 zephyr/kernel/libkernel.a(sched.c.obj)
                0x00000000080127dc                z_sched_init
 .text.z_impl_k_yield
                0x00000000080127f4       0x98 zephyr/kernel/libkernel.a(sched.c.obj)
                0x00000000080127f4                z_impl_k_yield
 .text.z_impl_k_sleep
                0x000000000801288c       0x3c zephyr/kernel/libkernel.a(sched.c.obj)
                0x000000000801288c                z_impl_k_sleep
 .text.z_impl_k_current_get
                0x00000000080128c8        0xc zephyr/kernel/libkernel.a(sched.c.obj)
                0x00000000080128c8                z_impl_k_current_get
 .text.z_impl_k_sem_give
                0x00000000080128d4       0x58 zephyr/kernel/libkernel.a(sem.c.obj)
                0x00000000080128d4                z_impl_k_sem_give
 .text.z_impl_k_sem_take
                0x000000000801292c       0x4c zephyr/kernel/libkernel.a(sem.c.obj)
                0x000000000801292c                z_impl_k_sem_take
 .text.k_sys_work_q_init
                0x0000000008012978       0x30 zephyr/kernel/libkernel.a(system_work_q.c.obj)
 .text.z_impl_k_busy_wait
                0x00000000080129a8       0x2c zephyr/kernel/libkernel.a(thread.c.obj)
                0x00000000080129a8                z_impl_k_busy_wait
 .text.z_impl_k_thread_start
                0x00000000080129d4       0x48 zephyr/kernel/libkernel.a(thread.c.obj)
                0x00000000080129d4                z_impl_k_thread_start
 .text.z_setup_new_thread
                0x0000000008012a1c       0x30 zephyr/kernel/libkernel.a(thread.c.obj)
                0x0000000008012a1c                z_setup_new_thread
 .text.z_impl_k_thread_create
                0x0000000008012a4c       0x4c zephyr/kernel/libkernel.a(thread.c.obj)
                0x0000000008012a4c                z_impl_k_thread_create
 .text.z_thread_single_suspend
                0x0000000008012a98       0x48 zephyr/kernel/libkernel.a(thread.c.obj)
                0x0000000008012a98                z_thread_single_suspend
 .text.z_impl_k_thread_suspend
                0x0000000008012ae0       0x40 zephyr/kernel/libkernel.a(thread.c.obj)
                0x0000000008012ae0                z_impl_k_thread_suspend
 .text.z_init_static_threads
                0x0000000008012b20       0x90 zephyr/kernel/libkernel.a(thread.c.obj)
                0x0000000008012b20                z_init_static_threads
 .text.k_work_q_start
                0x0000000008012bb0       0x48 zephyr/kernel/libkernel.a(work_q.c.obj)
                0x0000000008012bb0                k_work_q_start
 .text.k_delayed_work_submit_to_queue
                0x0000000008012bf8       0x74 zephyr/kernel/libkernel.a(work_q.c.obj)
                0x0000000008012bf8                k_delayed_work_submit_to_queue
 .text.elapsed  0x0000000008012c6c       0x14 zephyr/kernel/libkernel.a(timeout.c.obj)
 .text.remove_timeout
                0x0000000008012c80       0x28 zephyr/kernel/libkernel.a(timeout.c.obj)
 .text.next_timeout
                0x0000000008012ca8       0x38 zephyr/kernel/libkernel.a(timeout.c.obj)
 .text.z_add_timeout
                0x0000000008012ce0       0x84 zephyr/kernel/libkernel.a(timeout.c.obj)
                0x0000000008012ce0                z_add_timeout
 .text.z_timeout_remaining
                0x0000000008012d64       0x54 zephyr/kernel/libkernel.a(timeout.c.obj)
                0x0000000008012d64                z_timeout_remaining
 .text.z_clock_announce
                0x0000000008012db8       0xac zephyr/kernel/libkernel.a(timeout.c.obj)
                0x0000000008012db8                z_clock_announce
 .text.z_tick_get
                0x0000000008012e64       0x3c zephyr/kernel/libkernel.a(timeout.c.obj)
                0x0000000008012e64                z_tick_get
 .text.z_timer_expiration_handler